Archive member included to satisfy reference by file (symbol)

d:/stm32cubeide_1.6.1/stm32cubeide/plugins/com.st.stm32cube.ide.mcu.externaltools.gnu-tools-for-stm32.10.3-2021.10.win32_1.0.0.202111181127/tools/bin/../lib/gcc/arm-none-eabi/10.3.1/../../../../arm-none-eabi/lib/thumb/v7e-m+fp/hard\libc_nano.a(lib_a-errno.o)
                              ./Core/Src/syscalls.o (__errno)
d:/stm32cubeide_1.6.1/stm32cubeide/plugins/com.st.stm32cube.ide.mcu.externaltools.gnu-tools-for-stm32.10.3-2021.10.win32_1.0.0.202111181127/tools/bin/../lib/gcc/arm-none-eabi/10.3.1/../../../../arm-none-eabi/lib/thumb/v7e-m+fp/hard\libc_nano.a(lib_a-exit.o)
                              d:/stm32cubeide_1.6.1/stm32cubeide/plugins/com.st.stm32cube.ide.mcu.externaltools.gnu-tools-for-stm32.10.3-2021.10.win32_1.0.0.202111181127/tools/bin/../lib/gcc/arm-none-eabi/10.3.1/../../../../arm-none-eabi/lib/thumb/v7e-m+fp/hard/crt0.o (exit)
d:/stm32cubeide_1.6.1/stm32cubeide/plugins/com.st.stm32cube.ide.mcu.externaltools.gnu-tools-for-stm32.10.3-2021.10.win32_1.0.0.202111181127/tools/bin/../lib/gcc/arm-none-eabi/10.3.1/../../../../arm-none-eabi/lib/thumb/v7e-m+fp/hard\libc_nano.a(lib_a-impure.o)
                              d:/stm32cubeide_1.6.1/stm32cubeide/plugins/com.st.stm32cube.ide.mcu.externaltools.gnu-tools-for-stm32.10.3-2021.10.win32_1.0.0.202111181127/tools/bin/../lib/gcc/arm-none-eabi/10.3.1/../../../../arm-none-eabi/lib/thumb/v7e-m+fp/hard\libc_nano.a(lib_a-exit.o) (_global_impure_ptr)
d:/stm32cubeide_1.6.1/stm32cubeide/plugins/com.st.stm32cube.ide.mcu.externaltools.gnu-tools-for-stm32.10.3-2021.10.win32_1.0.0.202111181127/tools/bin/../lib/gcc/arm-none-eabi/10.3.1/../../../../arm-none-eabi/lib/thumb/v7e-m+fp/hard\libc_nano.a(lib_a-init.o)
                              d:/stm32cubeide_1.6.1/stm32cubeide/plugins/com.st.stm32cube.ide.mcu.externaltools.gnu-tools-for-stm32.10.3-2021.10.win32_1.0.0.202111181127/tools/bin/../lib/gcc/arm-none-eabi/10.3.1/../../../../arm-none-eabi/lib/thumb/v7e-m+fp/hard/crt0.o (__libc_init_array)
d:/stm32cubeide_1.6.1/stm32cubeide/plugins/com.st.stm32cube.ide.mcu.externaltools.gnu-tools-for-stm32.10.3-2021.10.win32_1.0.0.202111181127/tools/bin/../lib/gcc/arm-none-eabi/10.3.1/../../../../arm-none-eabi/lib/thumb/v7e-m+fp/hard\libc_nano.a(lib_a-memset.o)
                              d:/stm32cubeide_1.6.1/stm32cubeide/plugins/com.st.stm32cube.ide.mcu.externaltools.gnu-tools-for-stm32.10.3-2021.10.win32_1.0.0.202111181127/tools/bin/../lib/gcc/arm-none-eabi/10.3.1/../../../../arm-none-eabi/lib/thumb/v7e-m+fp/hard/crt0.o (memset)
d:/stm32cubeide_1.6.1/stm32cubeide/plugins/com.st.stm32cube.ide.mcu.externaltools.gnu-tools-for-stm32.10.3-2021.10.win32_1.0.0.202111181127/tools/bin/../lib/gcc/arm-none-eabi/10.3.1/../../../../arm-none-eabi/lib/thumb/v7e-m+fp/hard\libc_nano.a(lib_a-sprintf.o)
                              ./Core/Src/main.o (sprintf)
d:/stm32cubeide_1.6.1/stm32cubeide/plugins/com.st.stm32cube.ide.mcu.externaltools.gnu-tools-for-stm32.10.3-2021.10.win32_1.0.0.202111181127/tools/bin/../lib/gcc/arm-none-eabi/10.3.1/../../../../arm-none-eabi/lib/thumb/v7e-m+fp/hard\libc_nano.a(lib_a-strlen.o)
                              ./Core/Src/Carte_Sd.o (strlen)
d:/stm32cubeide_1.6.1/stm32cubeide/plugins/com.st.stm32cube.ide.mcu.externaltools.gnu-tools-for-stm32.10.3-2021.10.win32_1.0.0.202111181127/tools/bin/../lib/gcc/arm-none-eabi/10.3.1/../../../../arm-none-eabi/lib/thumb/v7e-m+fp/hard\libc_nano.a(lib_a-nano-svfprintf.o)
                              d:/stm32cubeide_1.6.1/stm32cubeide/plugins/com.st.stm32cube.ide.mcu.externaltools.gnu-tools-for-stm32.10.3-2021.10.win32_1.0.0.202111181127/tools/bin/../lib/gcc/arm-none-eabi/10.3.1/../../../../arm-none-eabi/lib/thumb/v7e-m+fp/hard\libc_nano.a(lib_a-sprintf.o) (_svfprintf_r)
d:/stm32cubeide_1.6.1/stm32cubeide/plugins/com.st.stm32cube.ide.mcu.externaltools.gnu-tools-for-stm32.10.3-2021.10.win32_1.0.0.202111181127/tools/bin/../lib/gcc/arm-none-eabi/10.3.1/../../../../arm-none-eabi/lib/thumb/v7e-m+fp/hard\libc_nano.a(lib_a-nano-vfprintf_i.o)
                              d:/stm32cubeide_1.6.1/stm32cubeide/plugins/com.st.stm32cube.ide.mcu.externaltools.gnu-tools-for-stm32.10.3-2021.10.win32_1.0.0.202111181127/tools/bin/../lib/gcc/arm-none-eabi/10.3.1/../../../../arm-none-eabi/lib/thumb/v7e-m+fp/hard\libc_nano.a(lib_a-nano-svfprintf.o) (_printf_i)
d:/stm32cubeide_1.6.1/stm32cubeide/plugins/com.st.stm32cube.ide.mcu.externaltools.gnu-tools-for-stm32.10.3-2021.10.win32_1.0.0.202111181127/tools/bin/../lib/gcc/arm-none-eabi/10.3.1/../../../../arm-none-eabi/lib/thumb/v7e-m+fp/hard\libc_nano.a(lib_a-memchr.o)
                              d:/stm32cubeide_1.6.1/stm32cubeide/plugins/com.st.stm32cube.ide.mcu.externaltools.gnu-tools-for-stm32.10.3-2021.10.win32_1.0.0.202111181127/tools/bin/../lib/gcc/arm-none-eabi/10.3.1/../../../../arm-none-eabi/lib/thumb/v7e-m+fp/hard\libc_nano.a(lib_a-nano-svfprintf.o) (memchr)
[...]
Memory Configuration

Name             Origin             Length             Attributes
RAM              0x0000000020000000 0x0000000000050000 xrw
FLASH            0x0000000008000000 0x0000000000100000 xr
*default*        0x0000000000000000 0xffffffffffffffff

Linker script and memory map

LOAD d:/stm32cubeide_1.6.1/stm32cubeide/plugins/com.st.stm32cube.ide.mcu.externaltools.gnu-tools-for-stm32.10.3-2021.10.win32_1.0.0.202111181127/tools/bin/../lib/gcc/arm-none-eabi/10.3.1/thumb/v7e-m+fp/hard/crti.o
LOAD d:/stm32cubeide_1.6.1/stm32cubeide/plugins/com.st.stm32cube.ide.mcu.externaltools.gnu-tools-for-stm32.10.3-2021.10.win32_1.0.0.202111181127/tools/bin/../lib/gcc/arm-none-eabi/10.3.1/thumb/v7e-m+fp/hard/crtbegin.o
LOAD d:/stm32cubeide_1.6.1/stm32cubeide/plugins/com.st.stm32cube.ide.mcu.externaltools.gnu-tools-for-stm32.10.3-2021.10.win32_1.0.0.202111181127/tools/bin/../lib/gcc/arm-none-eabi/10.3.1/../../../../arm-none-eabi/lib/thumb/v7e-m+fp/hard/crt0.o
LOAD ./Core/Src/Carte_Sd.o
LOAD ./Core/Src/dma.o
LOAD ./Core/Src/gpio.o
LOAD ./Core/Src/main.o
LOAD ./Core/Src/sdmmc.o
LOAD ./Core/Src/stm32f7xx_hal_msp.o
LOAD ./Core/Src/stm32f7xx_it.o
LOAD ./Core/Src/syscalls.o
LOAD ./Core/Src/sysmem.o
LOAD ./Core/Src/system_stm32f7xx.o
LOAD ./Core/Startup/startup_stm32f746nghx.o
LOAD ./Drivers/STM32F7xx_HAL_Driver/Src/stm32f7xx_hal.o
LOAD ./Drivers/STM32F7xx_HAL_Driver/Src/stm32f7xx_hal_cortex.o
LOAD ./Drivers/STM32F7xx_HAL_Driver/Src/stm32f7xx_hal_dma.o
LOAD ./Drivers/STM32F7xx_HAL_Driver/Src/stm32f7xx_hal_dma_ex.o
LOAD ./Drivers/STM32F7xx_HAL_Driver/Src/stm32f7xx_hal_exti.o
LOAD ./Drivers/STM32F7xx_HAL_Driver/Src/stm32f7xx_hal_flash.o
LOAD ./Drivers/STM32F7xx_HAL_Driver/Src/stm32f7xx_hal_flash_ex.o
LOAD ./Drivers/STM32F7xx_HAL_Driver/Src/stm32f7xx_hal_gpio.o
LOAD ./Drivers/STM32F7xx_HAL_Driver/Src/stm32f7xx_hal_i2c.o
LOAD ./Drivers/STM32F7xx_HAL_Driver/Src/stm32f7xx_hal_i2c_ex.o
LOAD ./Drivers/STM32F7xx_HAL_Driver/Src/stm32f7xx_hal_pwr.o
LOAD ./Drivers/STM32F7xx_HAL_Driver/Src/stm32f7xx_hal_pwr_ex.o
LOAD ./Drivers/STM32F7xx_HAL_Driver/Src/stm32f7xx_hal_rcc.o
LOAD ./Drivers/STM32F7xx_HAL_Driver/Src/stm32f7xx_hal_rcc_ex.o
LOAD ./Drivers/STM32F7xx_HAL_Driver/Src/stm32f7xx_hal_sd.o
LOAD ./Drivers/STM32F7xx_HAL_Driver/Src/stm32f7xx_hal_tim.o
LOAD ./Drivers/STM32F7xx_HAL_Driver/Src/stm32f7xx_hal_tim_ex.o
LOAD ./Drivers/STM32F7xx_HAL_Driver/Src/stm32f7xx_ll_sdmmc.o
LOAD ./FATFS/App/fatfs.o
LOAD ./FATFS/Target/bsp_driver_sd.o
LOAD ./FATFS/Target/fatfs_platform.o
LOAD ./FATFS/Target/sd_diskio.o
LOAD ./Middlewares/Third_Party/FatFs/src/diskio.o
LOAD ./Middlewares/Third_Party/FatFs/src/ff.o
LOAD ./Middlewares/Third_Party/FatFs/src/ff_gen_drv.o
LOAD ./Middlewares/Third_Party/FatFs/src/option/syscall.o
START GROUP
LOAD d:/stm32cubeide_1.6.1/stm32cubeide/plugins/com.st.stm32cube.ide.mcu.externaltools.gnu-tools-for-stm32.10.3-2021.10.win32_1.0.0.202111181127/tools/bin/../lib/gcc/arm-none-eabi/10.3.1/../../../../arm-none-eabi/lib/thumb/v7e-m+fp/hard\libc_nano.a
LOAD d:/stm32cubeide_1.6.1/stm32cubeide/plugins/com.st.stm32cube.ide.mcu.externaltools.gnu-tools-for-stm32.10.3-2021.10.win32_1.0.0.202111181127/tools/bin/../lib/gcc/arm-none-eabi/10.3.1/../../../../arm-none-eabi/lib/thumb/v7e-m+fp/hard\libm.a
END GROUP
START GROUP
LOAD d:/stm32cubeide_1.6.1/stm32cubeide/plugins/com.st.stm32cube.ide.mcu.externaltools.gnu-tools-for-stm32.10.3-2021.10.win32_1.0.0.202111181127/tools/bin/../lib/gcc/arm-none-eabi/10.3.1/thumb/v7e-m+fp/hard\libgcc.a
LOAD d:/stm32cubeide_1.6.1/stm32cubeide/plugins/com.st.stm32cube.ide.mcu.externaltools.gnu-tools-for-stm32.10.3-2021.10.win32_1.0.0.202111181127/tools/bin/../lib/gcc/arm-none-eabi/10.3.1/../../../../arm-none-eabi/lib/thumb/v7e-m+fp/hard\libc_nano.a
END GROUP
START GROUP
LOAD d:/stm32cubeide_1.6.1/stm32cubeide/plugins/com.st.stm32cube.ide.mcu.externaltools.gnu-tools-for-stm32.10.3-2021.10.win32_1.0.0.202111181127/tools/bin/../lib/gcc/arm-none-eabi/10.3.1/thumb/v7e-m+fp/hard\libgcc.a
LOAD d:/stm32cubeide_1.6.1/stm32cubeide/plugins/com.st.stm32cube.ide.mcu.externaltools.gnu-tools-for-stm32.10.3-2021.10.win32_1.0.0.202111181127/tools/bin/../lib/gcc/arm-none-eabi/10.3.1/../../../../arm-none-eabi/lib/thumb/v7e-m+fp/hard\libc_nano.a
LOAD d:/stm32cubeide_1.6.1/stm32cubeide/plugins/com.st.stm32cube.ide.mcu.externaltools.gnu-tools-for-stm32.10.3-2021.10.win32_1.0.0.202111181127/tools/bin/../lib/gcc/arm-none-eabi/10.3.1/../../../../arm-none-eabi/lib/thumb/v7e-m+fp/hard\libnosys.a
END GROUP
START GROUP
LOAD d:/stm32cubeide_1.6.1/stm32cubeide/plugins/com.st.stm32cube.ide.mcu.externaltools.gnu-tools-for-stm32.10.3-2021.10.win32_1.0.0.202111181127/tools/bin/../lib/gcc/arm-none-eabi/10.3.1/thumb/v7e-m+fp/hard\libgcc.a
LOAD d:/stm32cubeide_1.6.1/stm32cubeide/plugins/com.st.stm32cube.ide.mcu.externaltools.gnu-tools-for-stm32.10.3-2021.10.win32_1.0.0.202111181127/tools/bin/../lib/gcc/arm-none-eabi/10.3.1/../../../../arm-none-eabi/lib/thumb/v7e-m+fp/hard\libc_nano.a
LOAD d:/stm32cubeide_1.6.1/stm32cubeide/plugins/com.st.stm32cube.ide.mcu.externaltools.gnu-tools-for-stm32.10.3-2021.10.win32_1.0.0.202111181127/tools/bin/../lib/gcc/arm-none-eabi/10.3.1/../../../../arm-none-eabi/lib/thumb/v7e-m+fp/hard\libnosys.a
END GROUP
LOAD d:/stm32cubeide_1.6.1/stm32cubeide/plugins/com.st.stm32cube.ide.mcu.externaltools.gnu-tools-for-stm32.10.3-2021.10.win32_1.0.0.202111181127/tools/bin/../lib/gcc/arm-none-eabi/10.3.1/thumb/v7e-m+fp/hard/crtend.o
LOAD d:/stm32cubeide_1.6.1/stm32cubeide/plugins/com.st.stm32cube.ide.mcu.externaltools.gnu-tools-for-stm32.10.3-2021.10.win32_1.0.0.202111181127/tools/bin/../lib/gcc/arm-none-eabi/10.3.1/thumb/v7e-m+fp/hard/crtn.o
                0x0000000020050000                _estack = (ORIGIN (RAM) + LENGTH (RAM))
                0x0000000000000200                _Min_Heap_Size = 0x200
                0x0000000000000400                _Min_Stack_Size = 0x400

.isr_vector     0x0000000008000000      0x1c8
                0x0000000008000000                . = ALIGN (0x4)
 *(.isr_vector)
 .isr_vector    0x0000000008000000      0x1c8 ./Core/Startup/startup_stm32f746nghx.o
                0x0000000008000000                g_pfnVectors
                0x00000000080001c8                . = ALIGN (0x4)

.text           0x00000000080001d0     0x872c
                0x00000000080001d0                . = ALIGN (0x4)
 *(.text)
 .text          0x00000000080001d0       0x40 d:/stm32cubeide_1.6.1/stm32cubeide/plugins/com.st.stm32cube.ide.mcu.externaltools.gnu-tools-for-stm32.10.3-2021.10.win32_1.0.0.202111181127/tools/bin/../lib/gcc/arm-none-eabi/10.3.1/thumb/v7e-m+fp/hard/crtbegin.o
 .text          0x0000000008000210       0x10 d:/stm32cubeide_1.6.1/stm32cubeide/plugins/com.st.stm32cube.ide.mcu.externaltools.gnu-tools-for-stm32.10.3-2021.10.win32_1.0.0.202111181127/tools/bin/../lib/gcc/arm-none-eabi/10.3.1/../../../../arm-none-eabi/lib/thumb/v7e-m+fp/hard\libc_nano.a(lib_a-strlen.o)
                0x0000000008000210                strlen
 .text          0x0000000008000220       0xa0 d:/stm32cubeide_1.6.1/stm32cubeide/plugins/com.st.stm32cube.ide.mcu.externaltools.gnu-tools-for-stm32.10.3-2021.10.win32_1.0.0.202111181127/tools/bin/../lib/gcc/arm-none-eabi/10.3.1/../../../../arm-none-eabi/lib/thumb/v7e-m+fp/hard\libc_nano.a(lib_a-memchr.o)
                0x0000000008000220                memchr
 .text          0x00000000080002c0       0x30 d:/stm32cubeide_1.6.1/stm32cubeide/plugins/com.st.stm32cube.ide.mcu.externaltools.gnu-tools-for-stm32.10.3-2021.10.win32_1.0.0.202111181127/tools/bin/../lib/gcc/arm-none-eabi/10.3.1/thumb/v7e-m+fp/hard\libgcc.a(_aeabi_uldivmod.o)
                0x00000000080002c0                __aeabi_uldivmod
 .text          0x00000000080002f0      0x2d0 d:/stm32cubeide_1.6.1/stm32cubeide/plugins/com.st.stm32cube.ide.mcu.externaltools.gnu-tools-for-stm32.10.3-2021.10.win32_1.0.0.202111181127/tools/bin/../lib/gcc/arm-none-eabi/10.3.1/thumb/v7e-m+fp/hard\libgcc.a(_udivmoddi4.o)
                0x00000000080002f0                __udivmoddi4
 .text          0x00000000080005c0        0x4 d:/stm32cubeide_1.6.1/stm32cubeide/plugins/com.st.stm32cube.ide.mcu.externaltools.gnu-tools-for-stm32.10.3-2021.10.win32_1.0.0.202111181127/tools/bin/../lib/gcc/arm-none-eabi/10.3.1/thumb/v7e-m+fp/hard\libgcc.a(_dvmd_tls.o)
                0x00000000080005c0                __aeabi_idiv0
                0x00000000080005c0                __aeabi_ldiv0
 *(.text*)
 .text.WR_TO_Sd
                0x00000000080005c4       0x5c ./Core/Src/Carte_Sd.o
                0x00000000080005c4                WR_TO_Sd
 .text.Fat_Init
                0x0000000008000620       0x4c ./Core/Src/Carte_Sd.o
                0x0000000008000620                Fat_Init
 .text.MX_DMA_Init
                0x000000000800066c       0x4c ./Core/Src/dma.o
                0x000000000800066c                MX_DMA_Init
 .text.MX_GPIO_Init
                0x00000000080006b8      0x28c ./Core/Src/gpio.o
                0x00000000080006b8                MX_GPIO_Init
 .text.main     0x0000000008000944       0x64 ./Core/Src/main.o
                0x0000000008000944                main
 .text.SystemClock_Config
                0x00000000080009a8       0xdc ./Core/Src/main.o
                0x00000000080009a8                SystemClock_Config
 .text.Error_Handler
                0x0000000008000a84        0xa ./Core/Src/main.o
                0x0000000008000a84                Error_Handler
 *fill*         0x0000000008000a8e        0x2 
 .text.MX_SDMMC1_SD_Init
                0x0000000008000a90       0x40 ./Core/Src/sdmmc.o
                0x0000000008000a90                MX_SDMMC1_SD_Init
 .text.HAL_SD_MspInit
                0x0000000008000ad0      0x21c ./Core/Src/sdmmc.o
                0x0000000008000ad0                HAL_SD_MspInit
 .text.HAL_MspInit
                0x0000000008000cec       0x48 ./Core/Src/stm32f7xx_hal_msp.o
                0x0000000008000cec                HAL_MspInit
 .text.NMI_Handler
                0x0000000008000d34        0x6 ./Core/Src/stm32f7xx_it.o
                0x0000000008000d34                NMI_Handler
 .text.HardFault_Handler
                0x0000000008000d3a        0x6 ./Core/Src/stm32f7xx_it.o
                0x0000000008000d3a                HardFault_Handler
 .text.MemManage_Handler
                0x0000000008000d40        0x6 ./Core/Src/stm32f7xx_it.o
                0x0000000008000d40                MemManage_Handler
 .text.BusFault_Handler
                0x0000000008000d46        0x6 ./Core/Src/stm32f7xx_it.o
                0x0000000008000d46                BusFault_Handler
 .text.UsageFault_Handler
                0x0000000008000d4c        0x6 ./Core/Src/stm32f7xx_it.o
                0x0000000008000d4c                UsageFault_Handler
 .text.SVC_Handler
                0x0000000008000d52        0xe ./Core/Src/stm32f7xx_it.o
                0x0000000008000d52                SVC_Handler
 .text.DebugMon_Handler
                0x0000000008000d60        0xe ./Core/Src/stm32f7xx_it.o
                0x0000000008000d60                DebugMon_Handler
 .text.PendSV_Handler
                0x0000000008000d6e        0xe ./Core/Src/stm32f7xx_it.o
                0x0000000008000d6e                PendSV_Handler
 .text.SysTick_Handler
                0x0000000008000d7c        0xc ./Core/Src/stm32f7xx_it.o
                0x0000000008000d7c                SysTick_Handler
 .text.SDMMC1_IRQHandler
                0x0000000008000d88       0x14 ./Core/Src/stm32f7xx_it.o
                0x0000000008000d88                SDMMC1_IRQHandler
 .text.DMA2_Stream3_IRQHandler
                0x0000000008000d9c       0x14 ./Core/Src/stm32f7xx_it.o
                0x0000000008000d9c                DMA2_Stream3_IRQHandler
 .text.DMA2_Stream6_IRQHandler
                0x0000000008000db0       0x14 ./Core/Src/stm32f7xx_it.o
                0x0000000008000db0                DMA2_Stream6_IRQHandler
 .text._sbrk    0x0000000008000dc4       0x6c ./Core/Src/sysmem.o
                0x0000000008000dc4                _sbrk
 .text.SystemInit
                0x0000000008000e30       0x24 ./Core/Src/system_stm32f7xx.o
                0x0000000008000e30                SystemInit
 .text.Reset_Handler
                0x0000000008000e54       0x50 ./Core/Startup/startup_stm32f746nghx.o
                0x0000000008000e54                Reset_Handler
 .text.Default_Handler
                0x0000000008000ea4        0x2 ./Core/Startup/startup_stm32f746nghx.o
                0x0000000008000ea4                RTC_Alarm_IRQHandler
                0x0000000008000ea4                EXTI2_IRQHandler
                0x0000000008000ea4                TIM8_CC_IRQHandler
                0x0000000008000ea4                UART8_IRQHandler
                0x0000000008000ea4                SPI4_IRQHandler
                0x0000000008000ea4                TIM1_CC_IRQHandler
                0x0000000008000ea4                DMA2_Stream5_IRQHandler
                0x0000000008000ea4                DMA1_Stream5_IRQHandler
                0x0000000008000ea4                PVD_IRQHandler
                0x0000000008000ea4                TAMP_STAMP_IRQHandler
                0x0000000008000ea4                CAN2_RX1_IRQHandler
                0x0000000008000ea4                EXTI3_IRQHandler
                0x0000000008000ea4                TIM8_TRG_COM_TIM14_IRQHandler
                0x0000000008000ea4                TIM1_UP_TIM10_IRQHandler
                0x0000000008000ea4                TIM8_UP_TIM13_IRQHandler
                0x0000000008000ea4                I2C3_ER_IRQHandler
                0x0000000008000ea4                EXTI0_IRQHandler
                0x0000000008000ea4                I2C2_EV_IRQHandler
                0x0000000008000ea4                DMA1_Stream2_IRQHandler
                0x0000000008000ea4                CAN1_RX0_IRQHandler
                0x0000000008000ea4                FPU_IRQHandler
                0x0000000008000ea4                OTG_HS_WKUP_IRQHandler
                0x0000000008000ea4                LTDC_ER_IRQHandler
                0x0000000008000ea4                CAN2_SCE_IRQHandler
                0x0000000008000ea4                DMA2_Stream2_IRQHandler
                0x0000000008000ea4                SPI1_IRQHandler
                0x0000000008000ea4                TIM6_DAC_IRQHandler
                0x0000000008000ea4                TIM1_BRK_TIM9_IRQHandler
                0x0000000008000ea4                DCMI_IRQHandler
                0x0000000008000ea4                CAN2_RX0_IRQHandler
                0x0000000008000ea4                SAI2_IRQHandler
                0x0000000008000ea4                USART6_IRQHandler
                0x0000000008000ea4                USART3_IRQHandler
                0x0000000008000ea4                CAN1_RX1_IRQHandler
                0x0000000008000ea4                UART5_IRQHandler
                0x0000000008000ea4                DMA2_Stream0_IRQHandler
                0x0000000008000ea4                TIM4_IRQHandler
                0x0000000008000ea4                QUADSPI_IRQHandler
                0x0000000008000ea4                I2C1_EV_IRQHandler
                0x0000000008000ea4                DMA1_Stream6_IRQHandler
                0x0000000008000ea4                DMA1_Stream1_IRQHandler
                0x0000000008000ea4                UART4_IRQHandler
                0x0000000008000ea4                TIM3_IRQHandler
                0x0000000008000ea4                RCC_IRQHandler
                0x0000000008000ea4                TIM8_BRK_TIM12_IRQHandler
                0x0000000008000ea4                Default_Handler
                0x0000000008000ea4                CEC_IRQHandler
                0x0000000008000ea4                EXTI15_10_IRQHandler
                0x0000000008000ea4                ADC_IRQHandler
                0x0000000008000ea4                DMA1_Stream7_IRQHandler
                0x0000000008000ea4                SPI5_IRQHandler
                0x0000000008000ea4                TIM7_IRQHandler
                0x0000000008000ea4                CAN2_TX_IRQHandler
                0x0000000008000ea4                TIM5_IRQHandler
                0x0000000008000ea4                DMA2_Stream7_IRQHandler
                0x0000000008000ea4                I2C3_EV_IRQHandler
                0x0000000008000ea4                EXTI9_5_IRQHandler
                0x0000000008000ea4                RTC_WKUP_IRQHandler
                0x0000000008000ea4                LTDC_IRQHandler
                0x0000000008000ea4                ETH_WKUP_IRQHandler
                0x0000000008000ea4                SPDIF_RX_IRQHandler
                0x0000000008000ea4                SPI2_IRQHandler
                0x0000000008000ea4                OTG_HS_EP1_IN_IRQHandler
                0x0000000008000ea4                DMA1_Stream0_IRQHandler
                0x0000000008000ea4                CAN1_TX_IRQHandler
                0x0000000008000ea4                EXTI4_IRQHandler
                0x0000000008000ea4                RNG_IRQHandler
                0x0000000008000ea4                ETH_IRQHandler
                0x0000000008000ea4                OTG_HS_EP1_OUT_IRQHandler
                0x0000000008000ea4                WWDG_IRQHandler
                0x0000000008000ea4                SPI6_IRQHandler
                0x0000000008000ea4                I2C4_EV_IRQHandler
                0x0000000008000ea4                TIM2_IRQHandler
                0x0000000008000ea4                OTG_FS_WKUP_IRQHandler
                0x0000000008000ea4                TIM1_TRG_COM_TIM11_IRQHandler
                0x0000000008000ea4                OTG_HS_IRQHandler
                0x0000000008000ea4                DMA2D_IRQHandler
                0x0000000008000ea4                EXTI1_IRQHandler
                0x0000000008000ea4                UART7_IRQHandler
                0x0000000008000ea4                USART2_IRQHandler
                0x0000000008000ea4                I2C2_ER_IRQHandler
                0x0000000008000ea4                DMA2_Stream1_IRQHandler
                0x0000000008000ea4                CAN1_SCE_IRQHandler
                0x0000000008000ea4                FLASH_IRQHandler
                0x0000000008000ea4                DMA2_Stream4_IRQHandler
                0x0000000008000ea4                USART1_IRQHandler
                0x0000000008000ea4                OTG_FS_IRQHandler
                0x0000000008000ea4                SPI3_IRQHandler
                0x0000000008000ea4                DMA1_Stream4_IRQHandler
                0x0000000008000ea4                I2C1_ER_IRQHandler
                0x0000000008000ea4                FMC_IRQHandler
                0x0000000008000ea4                LPTIM1_IRQHandler
                0x0000000008000ea4                I2C4_ER_IRQHandler
                0x0000000008000ea4                SAI1_IRQHandler
                0x0000000008000ea4                DMA1_Stream3_IRQHandler
 .text.HAL_Init
                0x0000000008000ea6       0x1a ./Drivers/STM32F7xx_HAL_Driver/Src/stm32f7xx_hal.o
                0x0000000008000ea6                HAL_Init
 .text.HAL_InitTick
                0x0000000008000ec0       0x60 ./Drivers/STM32F7xx_HAL_Driver/Src/stm32f7xx_hal.o
                0x0000000008000ec0                HAL_InitTick
 .text.HAL_IncTick
                0x0000000008000f20       0x28 ./Drivers/STM32F7xx_HAL_Driver/Src/stm32f7xx_hal.o
                0x0000000008000f20                HAL_IncTick
 .text.HAL_GetTick
                0x0000000008000f48       0x18 ./Drivers/STM32F7xx_HAL_Driver/Src/stm32f7xx_hal.o
                0x0000000008000f48                HAL_GetTick
 .text.HAL_Delay
                0x0000000008000f60       0x48 ./Drivers/STM32F7xx_HAL_Driver/Src/stm32f7xx_hal.o
                0x0000000008000f60                HAL_Delay
 .text.__NVIC_SetPriorityGrouping
                0x0000000008000fa8       0x48 ./Drivers/STM32F7xx_HAL_Driver/Src/stm32f7xx_hal_cortex.o
 .text.__NVIC_GetPriorityGrouping
                0x0000000008000ff0       0x1c ./Drivers/STM32F7xx_HAL_Driver/Src/stm32f7xx_hal_cortex.o
 .text.__NVIC_EnableIRQ
                0x000000000800100c       0x3c ./Drivers/STM32F7xx_HAL_Driver/Src/stm32f7xx_hal_cortex.o
 .text.__NVIC_SetPriority
                0x0000000008001048       0x54 ./Drivers/STM32F7xx_HAL_Driver/Src/stm32f7xx_hal_cortex.o
 .text.NVIC_EncodePriority
                0x000000000800109c       0x66 ./Drivers/STM32F7xx_HAL_Driver/Src/stm32f7xx_hal_cortex.o
 *fill*         0x0000000008001102        0x2 
 .text.SysTick_Config
                0x0000000008001104       0x44 ./Drivers/STM32F7xx_HAL_Driver/Src/stm32f7xx_hal_cortex.o
 .text.HAL_NVIC_SetPriorityGrouping
                0x0000000008001148       0x16 ./Drivers/STM32F7xx_HAL_Driver/Src/stm32f7xx_hal_cortex.o
                0x0000000008001148                HAL_NVIC_SetPriorityGrouping
 .text.HAL_NVIC_SetPriority
                0x000000000800115e       0x38 ./Drivers/STM32F7xx_HAL_Driver/Src/stm32f7xx_hal_cortex.o
                0x000000000800115e                HAL_NVIC_SetPriority
 .text.HAL_NVIC_EnableIRQ
                0x0000000008001196       0x1c ./Drivers/STM32F7xx_HAL_Driver/Src/stm32f7xx_hal_cortex.o
                0x0000000008001196                HAL_NVIC_EnableIRQ
 .text.HAL_SYSTICK_Config
                0x00000000080011b2       0x18 ./Drivers/STM32F7xx_HAL_Driver/Src/stm32f7xx_hal_cortex.o
                0x00000000080011b2                HAL_SYSTICK_Config
 *fill*         0x00000000080011ca        0x2 
 .text.HAL_DMA_Init
                0x00000000080011cc      0x15c ./Drivers/STM32F7xx_HAL_Driver/Src/stm32f7xx_hal_dma.o
                0x00000000080011cc                HAL_DMA_Init
 .text.HAL_DMA_Start_IT
                0x0000000008001328       0xc0 ./Drivers/STM32F7xx_HAL_Driver/Src/stm32f7xx_hal_dma.o
                0x0000000008001328                HAL_DMA_Start_IT
 .text.HAL_DMA_Abort_IT
                0x00000000080013e8       0x44 ./Drivers/STM32F7xx_HAL_Driver/Src/stm32f7xx_hal_dma.o
                0x00000000080013e8                HAL_DMA_Abort_IT
 .text.HAL_DMA_IRQHandler
                0x000000000800142c      0x314 ./Drivers/STM32F7xx_HAL_Driver/Src/stm32f7xx_hal_dma.o
                0x000000000800142c                HAL_DMA_IRQHandler
 .text.HAL_DMA_GetError
                0x0000000008001740       0x18 ./Drivers/STM32F7xx_HAL_Driver/Src/stm32f7xx_hal_dma.o
                0x0000000008001740                HAL_DMA_GetError
 .text.DMA_SetConfig
                0x0000000008001758       0x5c ./Drivers/STM32F7xx_HAL_Driver/Src/stm32f7xx_hal_dma.o
 .text.DMA_CalcBaseAndBitshift
                0x00000000080017b4       0x6c ./Drivers/STM32F7xx_HAL_Driver/Src/stm32f7xx_hal_dma.o
 .text.DMA_CheckFifoParam
                0x0000000008001820       0xf8 ./Drivers/STM32F7xx_HAL_Driver/Src/stm32f7xx_hal_dma.o
 .text.HAL_GPIO_Init
                0x0000000008001918      0x358 ./Drivers/STM32F7xx_HAL_Driver/Src/stm32f7xx_hal_gpio.o
                0x0000000008001918                HAL_GPIO_Init
 .text.HAL_GPIO_ReadPin
                0x0000000008001c70       0x30 ./Drivers/STM32F7xx_HAL_Driver/Src/stm32f7xx_hal_gpio.o
                0x0000000008001c70                HAL_GPIO_ReadPin
 .text.HAL_PWREx_EnableOverDrive
                0x0000000008001ca0       0xa0 ./Drivers/STM32F7xx_HAL_Driver/Src/stm32f7xx_hal_pwr_ex.o
                0x0000000008001ca0                HAL_PWREx_EnableOverDrive
 .text.HAL_RCC_OscConfig
                0x0000000008001d40      0x548 ./Drivers/STM32F7xx_HAL_Driver/Src/stm32f7xx_hal_rcc.o
                0x0000000008001d40                HAL_RCC_OscConfig
 .text.HAL_RCC_ClockConfig
                0x0000000008002288      0x1d8 ./Drivers/STM32F7xx_HAL_Driver/Src/stm32f7xx_hal_rcc.o
                0x0000000008002288                HAL_RCC_ClockConfig
 .text.HAL_RCC_GetSysClockFreq
                0x0000000008002460      0x18c ./Drivers/STM32F7xx_HAL_Driver/Src/stm32f7xx_hal_rcc.o
                0x0000000008002460                HAL_RCC_GetSysClockFreq
 .text.HAL_RCCEx_PeriphCLKConfig
                0x00000000080025ec      0x7e0 ./Drivers/STM32F7xx_HAL_Driver/Src/stm32f7xx_hal_rcc_ex.o
                0x00000000080025ec                HAL_RCCEx_PeriphCLKConfig
 .text.HAL_SD_Init
                0x0000000008002dcc       0x60 ./Drivers/STM32F7xx_HAL_Driver/Src/stm32f7xx_hal_sd.o
                0x0000000008002dcc                HAL_SD_Init
 .text.HAL_SD_InitCard
                0x0000000008002e2c      0x110 ./Drivers/STM32F7xx_HAL_Driver/Src/stm32f7xx_hal_sd.o
                0x0000000008002e2c                HAL_SD_InitCard
 .text.HAL_SD_ReadBlocks_DMA
                0x0000000008002f3c      0x1c4 ./Drivers/STM32F7xx_HAL_Driver/Src/stm32f7xx_hal_sd.o
                0x0000000008002f3c                HAL_SD_ReadBlocks_DMA
 .text.HAL_SD_WriteBlocks_DMA
                0x0000000008003100      0x1cc ./Drivers/STM32F7xx_HAL_Driver/Src/stm32f7xx_hal_sd.o
                0x0000000008003100                HAL_SD_WriteBlocks_DMA
 .text.HAL_SD_IRQHandler
                0x00000000080032cc      0x2ec ./Drivers/STM32F7xx_HAL_Driver/Src/stm32f7xx_hal_sd.o
                0x00000000080032cc                HAL_SD_IRQHandler
 .text.HAL_SD_ErrorCallback
                0x00000000080035b8       0x14 ./Drivers/STM32F7xx_HAL_Driver/Src/stm32f7xx_hal_sd.o
                0x00000000080035b8                HAL_SD_ErrorCallback
 .text.HAL_SD_GetCardCSD
                0x00000000080035cc      0x348 ./Drivers/STM32F7xx_HAL_Driver/Src/stm32f7xx_hal_sd.o
                0x00000000080035cc                HAL_SD_GetCardCSD
 .text.HAL_SD_GetCardInfo
                0x0000000008003914       0x58 ./Drivers/STM32F7xx_HAL_Driver/Src/stm32f7xx_hal_sd.o
                0x0000000008003914                HAL_SD_GetCardInfo
 .text.HAL_SD_ConfigWideBusOperation
                0x000000000800396c      0x134 ./Drivers/STM32F7xx_HAL_Driver/Src/stm32f7xx_hal_sd.o
                0x000000000800396c                HAL_SD_ConfigWideBusOperation
 .text.HAL_SD_GetCardState
                0x0000000008003aa0       0x40 ./Drivers/STM32F7xx_HAL_Driver/Src/stm32f7xx_hal_sd.o
                0x0000000008003aa0                HAL_SD_GetCardState
 .text.SD_DMATransmitCplt
                0x0000000008003ae0       0x2a ./Drivers/STM32F7xx_HAL_Driver/Src/stm32f7xx_hal_sd.o
 .text.SD_DMAReceiveCplt
                0x0000000008003b0a       0x70 ./Drivers/STM32F7xx_HAL_Driver/Src/stm32f7xx_hal_sd.o
 *fill*         0x0000000008003b7a        0x2 
 .text.SD_DMAError
                0x0000000008003b7c       0xa4 ./Drivers/STM32F7xx_HAL_Driver/Src/stm32f7xx_hal_sd.o
 .text.SD_DMATxAbort
                0x0000000008003c20       0x6e ./Drivers/STM32F7xx_HAL_Driver/Src/stm32f7xx_hal_sd.o
 .text.SD_DMARxAbort
                0x0000000008003c8e       0x6e ./Drivers/STM32F7xx_HAL_Driver/Src/stm32f7xx_hal_sd.o
 .text.SD_InitCard
                0x0000000008003cfc      0x19c ./Drivers/STM32F7xx_HAL_Driver/Src/stm32f7xx_hal_sd.o
 .text.SD_PowerON
                0x0000000008003e98      0x11c ./Drivers/STM32F7xx_HAL_Driver/Src/stm32f7xx_hal_sd.o
 .text.SD_SendStatus
                0x0000000008003fb4       0x50 ./Drivers/STM32F7xx_HAL_Driver/Src/stm32f7xx_hal_sd.o
 .text.SD_WideBus_Enable
                0x0000000008004004       0x96 ./Drivers/STM32F7xx_HAL_Driver/Src/stm32f7xx_hal_sd.o
 .text.SD_WideBus_Disable
                0x000000000800409a       0x96 ./Drivers/STM32F7xx_HAL_Driver/Src/stm32f7xx_hal_sd.o
 .text.SD_FindSCR
                0x0000000008004130      0x1a6 ./Drivers/STM32F7xx_HAL_Driver/Src/stm32f7xx_hal_sd.o
 .text.SD_Read_IT
                0x00000000080042d6       0xa2 ./Drivers/STM32F7xx_HAL_Driver/Src/stm32f7xx_hal_sd.o
 .text.SD_Write_IT
                0x0000000008004378       0xaa ./Drivers/STM32F7xx_HAL_Driver/Src/stm32f7xx_hal_sd.o
 *fill*         0x0000000008004422        0x2 
 .text.SDMMC_Init
                0x0000000008004424       0x58 ./Drivers/STM32F7xx_HAL_Driver/Src/stm32f7xx_ll_sdmmc.o
                0x0000000008004424                SDMMC_Init
 .text.SDMMC_ReadFIFO
                0x000000000800447c       0x1a ./Drivers/STM32F7xx_HAL_Driver/Src/stm32f7xx_ll_sdmmc.o
                0x000000000800447c                SDMMC_ReadFIFO
 .text.SDMMC_WriteFIFO
                0x0000000008004496       0x22 ./Drivers/STM32F7xx_HAL_Driver/Src/stm32f7xx_ll_sdmmc.o
                0x0000000008004496                SDMMC_WriteFIFO
 .text.SDMMC_PowerState_ON
                0x00000000080044b8       0x1c ./Drivers/STM32F7xx_HAL_Driver/Src/stm32f7xx_ll_sdmmc.o
                0x00000000080044b8                SDMMC_PowerState_ON
 .text.SDMMC_GetPowerState
                0x00000000080044d4       0x1c ./Drivers/STM32F7xx_HAL_Driver/Src/stm32f7xx_ll_sdmmc.o
                0x00000000080044d4                SDMMC_GetPowerState
 .text.SDMMC_SendCommand
                0x00000000080044f0       0x54 ./Drivers/STM32F7xx_HAL_Driver/Src/stm32f7xx_ll_sdmmc.o
                0x00000000080044f0                SDMMC_SendCommand
 .text.SDMMC_GetCommandResponse
                0x0000000008004544       0x1a ./Drivers/STM32F7xx_HAL_Driver/Src/stm32f7xx_ll_sdmmc.o
                0x0000000008004544                SDMMC_GetCommandResponse
 .text.SDMMC_GetResponse
                0x000000000800455e       0x26 ./Drivers/STM32F7xx_HAL_Driver/Src/stm32f7xx_ll_sdmmc.o
                0x000000000800455e                SDMMC_GetResponse
 .text.SDMMC_ConfigData
                0x0000000008004584       0x58 ./Drivers/STM32F7xx_HAL_Driver/Src/stm32f7xx_ll_sdmmc.o
                0x0000000008004584                SDMMC_ConfigData
 .text.SDMMC_CmdBlockLength
                0x00000000080045dc       0x44 ./Drivers/STM32F7xx_HAL_Driver/Src/stm32f7xx_ll_sdmmc.o
                0x00000000080045dc                SDMMC_CmdBlockLength
 .text.SDMMC_CmdReadSingleBlock
                0x0000000008004620       0x44 ./Drivers/STM32F7xx_HAL_Driver/Src/stm32f7xx_ll_sdmmc.o
                0x0000000008004620                SDMMC_CmdReadSingleBlock
 .text.SDMMC_CmdReadMultiBlock
                0x0000000008004664       0x44 ./Drivers/STM32F7xx_HAL_Driver/Src/stm32f7xx_ll_sdmmc.o
                0x0000000008004664                SDMMC_CmdReadMultiBlock
 .text.SDMMC_CmdWriteSingleBlock
                0x00000000080046a8       0x44 ./Drivers/STM32F7xx_HAL_Driver/Src/stm32f7xx_ll_sdmmc.o
                0x00000000080046a8                SDMMC_CmdWriteSingleBlock
 .text.SDMMC_CmdWriteMultiBlock
                0x00000000080046ec       0x44 ./Drivers/STM32F7xx_HAL_Driver/Src/stm32f7xx_ll_sdmmc.o
                0x00000000080046ec                SDMMC_CmdWriteMultiBlock
 .text.SDMMC_CmdStopTransfer
                0x0000000008004730       0x44 ./Drivers/STM32F7xx_HAL_Driver/Src/stm32f7xx_ll_sdmmc.o
                0x0000000008004730                SDMMC_CmdStopTransfer
 .text.SDMMC_CmdSelDesel
                0x0000000008004774       0x46 ./Drivers/STM32F7xx_HAL_Driver/Src/stm32f7xx_ll_sdmmc.o
                0x0000000008004774                SDMMC_CmdSelDesel
 .text.SDMMC_CmdGoIdleState
                0x00000000080047ba       0x3c ./Drivers/STM32F7xx_HAL_Driver/Src/stm32f7xx_ll_sdmmc.o
                0x00000000080047ba                SDMMC_CmdGoIdleState
 .text.SDMMC_CmdOperCond
                0x00000000080047f6       0x3e ./Drivers/STM32F7xx_HAL_Driver/Src/stm32f7xx_ll_sdmmc.o
                0x00000000080047f6                SDMMC_CmdOperCond
 .text.SDMMC_CmdAppCommand
                0x0000000008004834       0x44 ./Drivers/STM32F7xx_HAL_Driver/Src/stm32f7xx_ll_sdmmc.o
                0x0000000008004834                SDMMC_CmdAppCommand
 .text.SDMMC_CmdAppOperCommand
                0x0000000008004878       0x48 ./Drivers/STM32F7xx_HAL_Driver/Src/stm32f7xx_ll_sdmmc.o
                0x0000000008004878                SDMMC_CmdAppOperCommand
 .text.SDMMC_CmdBusWidth
                0x00000000080048c0       0x44 ./Drivers/STM32F7xx_HAL_Driver/Src/stm32f7xx_ll_sdmmc.o
                0x00000000080048c0                SDMMC_CmdBusWidth
 .text.SDMMC_CmdSendSCR
                0x0000000008004904       0x42 ./Drivers/STM32F7xx_HAL_Driver/Src/stm32f7xx_ll_sdmmc.o
                0x0000000008004904                SDMMC_CmdSendSCR
 .text.SDMMC_CmdSendCID
                0x0000000008004946       0x3c ./Drivers/STM32F7xx_HAL_Driver/Src/stm32f7xx_ll_sdmmc.o
                0x0000000008004946                SDMMC_CmdSendCID
 .text.SDMMC_CmdSendCSD
                0x0000000008004982       0x3e ./Drivers/STM32F7xx_HAL_Driver/Src/stm32f7xx_ll_sdmmc.o
                0x0000000008004982                SDMMC_CmdSendCSD
 .text.SDMMC_CmdSetRelAdd
                0x00000000080049c0       0x42 ./Drivers/STM32F7xx_HAL_Driver/Src/stm32f7xx_ll_sdmmc.o
                0x00000000080049c0                SDMMC_CmdSetRelAdd
 .text.SDMMC_CmdSendStatus
                0x0000000008004a02       0x44 ./Drivers/STM32F7xx_HAL_Driver/Src/stm32f7xx_ll_sdmmc.o
                0x0000000008004a02                SDMMC_CmdSendStatus
 *fill*         0x0000000008004a46        0x2 
 .text.SDMMC_GetCmdResp1
                0x0000000008004a48      0x1dc ./Drivers/STM32F7xx_HAL_Driver/Src/stm32f7xx_ll_sdmmc.o
                0x0000000008004a48                SDMMC_GetCmdResp1
 .text.SDMMC_GetCmdResp2
                0x0000000008004c24       0x90 ./Drivers/STM32F7xx_HAL_Driver/Src/stm32f7xx_ll_sdmmc.o
                0x0000000008004c24                SDMMC_GetCmdResp2
 .text.SDMMC_GetCmdResp3
                0x0000000008004cb4       0x7c ./Drivers/STM32F7xx_HAL_Driver/Src/stm32f7xx_ll_sdmmc.o
                0x0000000008004cb4                SDMMC_GetCmdResp3
 .text.SDMMC_GetCmdResp6
                0x0000000008004d30       0xec ./Drivers/STM32F7xx_HAL_Driver/Src/stm32f7xx_ll_sdmmc.o
                0x0000000008004d30                SDMMC_GetCmdResp6
 .text.SDMMC_GetCmdResp7
                0x0000000008004e1c       0x9c ./Drivers/STM32F7xx_HAL_Driver/Src/stm32f7xx_ll_sdmmc.o
                0x0000000008004e1c                SDMMC_GetCmdResp7
 .text.SDMMC_GetCmdError
                0x0000000008004eb8       0x58 ./Drivers/STM32F7xx_HAL_Driver/Src/stm32f7xx_ll_sdmmc.o
 .text.MX_FATFS_Init
                0x0000000008004f10       0x24 ./FATFS/App/fatfs.o
                0x0000000008004f10                MX_FATFS_Init
 .text.get_fattime
                0x0000000008004f34       0x10 ./FATFS/App/fatfs.o
                0x0000000008004f34                get_fattime
 .text.BSP_SD_Init
                0x0000000008004f44       0x4c ./FATFS/Target/bsp_driver_sd.o
                0x0000000008004f44                BSP_SD_Init
 .text.BSP_SD_ReadBlocks_DMA
                0x0000000008004f90       0x34 ./FATFS/Target/bsp_driver_sd.o
                0x0000000008004f90                BSP_SD_ReadBlocks_DMA
 .text.BSP_SD_WriteBlocks_DMA
                0x0000000008004fc4       0x34 ./FATFS/Target/bsp_driver_sd.o
                0x0000000008004fc4                BSP_SD_WriteBlocks_DMA
 .text.BSP_SD_GetCardState
                0x0000000008004ff8       0x20 ./FATFS/Target/bsp_driver_sd.o
                0x0000000008004ff8                BSP_SD_GetCardState
 .text.BSP_SD_GetCardInfo
                0x0000000008005018       0x1c ./FATFS/Target/bsp_driver_sd.o
                0x0000000008005018                BSP_SD_GetCardInfo
 .text.HAL_SD_AbortCallback
                0x0000000008005034       0x14 ./FATFS/Target/bsp_driver_sd.o
                0x0000000008005034                HAL_SD_AbortCallback
 .text.HAL_SD_TxCpltCallback
                0x0000000008005048       0x14 ./FATFS/Target/bsp_driver_sd.o
                0x0000000008005048                HAL_SD_TxCpltCallback
 .text.HAL_SD_RxCpltCallback
                0x000000000800505c       0x14 ./FATFS/Target/bsp_driver_sd.o
                0x000000000800505c                HAL_SD_RxCpltCallback
 .text.BSP_SD_AbortCallback
                0x0000000008005070        0xe ./FATFS/Target/bsp_driver_sd.o
                0x0000000008005070                BSP_SD_AbortCallback
 .text.BSP_SD_IsDetected
                0x000000000800507e       0x24 ./FATFS/Target/bsp_driver_sd.o
                0x000000000800507e                BSP_SD_IsDetected
 *fill*         0x00000000080050a2        0x2 
 .text.BSP_PlatformIsDetected
                0x00000000080050a4       0x2c ./FATFS/Target/fatfs_platform.o
                0x00000000080050a4                BSP_PlatformIsDetected
 .text.SD_CheckStatusWithTimeout
                0x00000000080050d0       0x3a ./FATFS/Target/sd_diskio.o
 *fill*         0x000000000800510a        0x2 
 .text.SD_CheckStatus
                0x000000000800510c       0x3c ./FATFS/Target/sd_diskio.o
 .text.SD_initialize
                0x0000000008005148       0x38 ./FATFS/Target/sd_diskio.o
                0x0000000008005148                SD_initialize
 .text.SD_status
                0x0000000008005180       0x1c ./FATFS/Target/sd_diskio.o
                0x0000000008005180                SD_status
 .text.SD_read  0x000000000800519c       0xac ./FATFS/Target/sd_diskio.o
                0x000000000800519c                SD_read
 .text.SD_write
                0x0000000008005248       0xac ./FATFS/Target/sd_diskio.o
                0x0000000008005248                SD_write
 .text.SD_ioctl
                0x00000000080052f4       0xb0 ./FATFS/Target/sd_diskio.o
                0x00000000080052f4                SD_ioctl
 .text.BSP_SD_WriteCpltCallback
                0x00000000080053a4       0x18 ./FATFS/Target/sd_diskio.o
                0x00000000080053a4                BSP_SD_WriteCpltCallback
 .text.BSP_SD_ReadCpltCallback
                0x00000000080053bc       0x18 ./FATFS/Target/sd_diskio.o
                0x00000000080053bc                BSP_SD_ReadCpltCallback
 .text.disk_status
                0x00000000080053d4       0x34 ./Middlewares/Third_Party/FatFs/src/diskio.o
                0x00000000080053d4                disk_status
 .text.disk_initialize
                0x0000000008005408       0x4c ./Middlewares/Third_Party/FatFs/src/diskio.o
                0x0000000008005408                disk_initialize
 .text.disk_read
                0x0000000008005454       0x40 ./Middlewares/Third_Party/FatFs/src/diskio.o
                0x0000000008005454                disk_read
 .text.disk_write
                0x0000000008005494       0x40 ./Middlewares/Third_Party/FatFs/src/diskio.o
                0x0000000008005494                disk_write
 .text.disk_ioctl
                0x00000000080054d4       0x3c ./Middlewares/Third_Party/FatFs/src/diskio.o
                0x00000000080054d4                disk_ioctl
 .text.ld_word  0x0000000008005510       0x30 ./Middlewares/Third_Party/FatFs/src/ff.o
 .text.ld_dword
                0x0000000008005540       0x46 ./Middlewares/Third_Party/FatFs/src/ff.o
 .text.st_word  0x0000000008005586       0x36 ./Middlewares/Third_Party/FatFs/src/ff.o
 .text.st_dword
                0x00000000080055bc       0x58 ./Middlewares/Third_Party/FatFs/src/ff.o
 .text.mem_cpy  0x0000000008005614       0x42 ./Middlewares/Third_Party/FatFs/src/ff.o
 .text.mem_set  0x0000000008005656       0x36 ./Middlewares/Third_Party/FatFs/src/ff.o
 .text.mem_cmp  0x000000000800568c       0x4e ./Middlewares/Third_Party/FatFs/src/ff.o
 .text.chk_chr  0x00000000080056da       0x36 ./Middlewares/Third_Party/FatFs/src/ff.o
 .text.chk_lock
                0x0000000008005710       0xb8 ./Middlewares/Third_Party/FatFs/src/ff.o
 .text.enq_lock
                0x00000000080057c8       0x44 ./Middlewares/Third_Party/FatFs/src/ff.o
 .text.inc_lock
                0x000000000800580c      0x11c ./Middlewares/Third_Party/FatFs/src/ff.o
 .text.dec_lock
                0x0000000008005928       0x78 ./Middlewares/Third_Party/FatFs/src/ff.o
 .text.clear_lock
                0x00000000080059a0       0x48 ./Middlewares/Third_Party/FatFs/src/ff.o
 .text.sync_window
                0x00000000080059e8       0x88 ./Middlewares/Third_Party/FatFs/src/ff.o
 .text.move_window
                0x0000000008005a70       0x5a ./Middlewares/Third_Party/FatFs/src/ff.o
 *fill*         0x0000000008005aca        0x2 
 .text.sync_fs  0x0000000008005acc       0xdc ./Middlewares/Third_Party/FatFs/src/ff.o
 .text.clust2sect
                0x0000000008005ba8       0x3e ./Middlewares/Third_Party/FatFs/src/ff.o
 .text.get_fat  0x0000000008005be6      0x150 ./Middlewares/Third_Party/FatFs/src/ff.o
 .text.put_fat  0x0000000008005d36      0x1d8 ./Middlewares/Third_Party/FatFs/src/ff.o
 .text.remove_chain
                0x0000000008005f0e       0xca ./Middlewares/Third_Party/FatFs/src/ff.o
 .text.create_chain
                0x0000000008005fd8      0x130 ./Middlewares/Third_Party/FatFs/src/ff.o
 .text.clmt_clust
                0x0000000008006108       0x68 ./Middlewares/Third_Party/FatFs/src/ff.o
 .text.dir_sdi  0x0000000008006170       0xf6 ./Middlewares/Third_Party/FatFs/src/ff.o
 .text.dir_next
                0x0000000008006266      0x18a ./Middlewares/Third_Party/FatFs/src/ff.o
 .text.dir_alloc
                0x00000000080063f0       0x8e ./Middlewares/Third_Party/FatFs/src/ff.o
 .text.ld_clust
                0x000000000800647e       0x3e ./Middlewares/Third_Party/FatFs/src/ff.o
 .text.st_clust
                0x00000000080064bc       0x40 ./Middlewares/Third_Party/FatFs/src/ff.o
 .text.dir_find
                0x00000000080064fc       0xaa ./Middlewares/Third_Party/FatFs/src/ff.o
 .text.dir_register
                0x00000000080065a6       0x64 ./Middlewares/Third_Party/FatFs/src/ff.o
 *fill*         0x000000000800660a        0x2 
 .text.create_name
                0x000000000800660c      0x128 ./Middlewares/Third_Party/FatFs/src/ff.o
 .text.follow_path
                0x0000000008006734       0xe2 ./Middlewares/Third_Party/FatFs/src/ff.o
 .text.get_ldnumber
                0x0000000008006816       0x88 ./Middlewares/Third_Party/FatFs/src/ff.o
 *fill*         0x000000000800689e        0x2 
 .text.check_fs
                0x00000000080068a0       0xac ./Middlewares/Third_Party/FatFs/src/ff.o
 .text.find_volume
                0x000000000800694c      0x498 ./Middlewares/Third_Party/FatFs/src/ff.o
 .text.validate
                0x0000000008006de4       0x6a ./Middlewares/Third_Party/FatFs/src/ff.o
 *fill*         0x0000000008006e4e        0x2 
 .text.f_mount  0x0000000008006e50       0x8c ./Middlewares/Third_Party/FatFs/src/ff.o
                0x0000000008006e50                f_mount
 .text.f_open   0x0000000008006edc      0x37c ./Middlewares/Third_Party/FatFs/src/ff.o
                0x0000000008006edc                f_open
 .text.f_write  0x0000000008007258      0x2ea ./Middlewares/Third_Party/FatFs/src/ff.o
                0x0000000008007258                f_write
 .text.f_sync   0x0000000008007542       0xfc ./Middlewares/Third_Party/FatFs/src/ff.o
                0x0000000008007542                f_sync
 .text.f_close  0x000000000800763e       0x54 ./Middlewares/Third_Party/FatFs/src/ff.o
                0x000000000800763e                f_close
 *fill*         0x0000000008007692        0x2 
 .text.f_mkfs   0x0000000008007694      0x858 ./Middlewares/Third_Party/FatFs/src/ff.o
                0x0000000008007694                f_mkfs
 .text.FATFS_LinkDriverEx
                0x0000000008007eec       0x98 ./Middlewares/Third_Party/FatFs/src/ff_gen_drv.o
                0x0000000008007eec                FATFS_LinkDriverEx
 .text.FATFS_LinkDriver
                0x0000000008007f84       0x1e ./Middlewares/Third_Party/FatFs/src/ff_gen_drv.o
                0x0000000008007f84                FATFS_LinkDriver
 *fill*         0x0000000008007fa2        0x2 
 .text.__errno  0x0000000008007fa4        0xc d:/stm32cubeide_1.6.1/stm32cubeide/plugins/com.st.stm32cube.ide.mcu.externaltools.gnu-tools-for-stm32.10.3-2021.10.win32_1.0.0.202111181127/tools/bin/../lib/gcc/arm-none-eabi/10.3.1/../../../../arm-none-eabi/lib/thumb/v7e-m+fp/hard\libc_nano.a(lib_a-errno.o)
                0x0000000008007fa4                __errno
 .text.__libc_init_array
                0x0000000008007fb0       0x48 d:/stm32cubeide_1.6.1/stm32cubeide/plugins/com.st.stm32cube.ide.mcu.externaltools.gnu-tools-for-stm32.10.3-2021.10.win32_1.0.0.202111181127/tools/bin/../lib/gcc/arm-none-eabi/10.3.1/../../../../arm-none-eabi/lib/thumb/v7e-m+fp/hard\libc_nano.a(lib_a-init.o)
                0x0000000008007fb0                __libc_init_array
 .text.memset   0x0000000008007ff8       0x10 d:/stm32cubeide_1.6.1/stm32cubeide/plugins/com.st.stm32cube.ide.mcu.externaltools.gnu-tools-for-stm32.10.3-2021.10.win32_1.0.0.202111181127/tools/bin/../lib/gcc/arm-none-eabi/10.3.1/../../../../arm-none-eabi/lib/thumb/v7e-m+fp/hard\libc_nano.a(lib_a-memset.o)
                0x0000000008007ff8                memset
 .text.sprintf  0x0000000008008008       0x40 d:/stm32cubeide_1.6.1/stm32cubeide/plugins/com.st.stm32cube.ide.mcu.externaltools.gnu-tools-for-stm32.10.3-2021.10.win32_1.0.0.202111181127/tools/bin/../lib/gcc/arm-none-eabi/10.3.1/../../../../arm-none-eabi/lib/thumb/v7e-m+fp/hard\libc_nano.a(lib_a-sprintf.o)
                0x0000000008008008                siprintf
                0x0000000008008008                sprintf
 .text.__ssputs_r
                0x0000000008008048       0xb6 d:/stm32cubeide_1.6.1/stm32cubeide/plugins/com.st.stm32cube.ide.mcu.externaltools.gnu-tools-for-stm32.10.3-2021.10.win32_1.0.0.202111181127/tools/bin/../lib/gcc/arm-none-eabi/10.3.1/../../../../arm-none-eabi/lib/thumb/v7e-m+fp/hard\libc_nano.a(lib_a-nano-svfprintf.o)
                0x0000000008008048                __ssputs_r
 *fill*         0x00000000080080fe        0x2 
 .text._svfprintf_r
                0x0000000008008100      0x200 d:/stm32cubeide_1.6.1/stm32cubeide/plugins/com.st.stm32cube.ide.mcu.externaltools.gnu-tools-for-stm32.10.3-2021.10.win32_1.0.0.202111181127/tools/bin/../lib/gcc/arm-none-eabi/10.3.1/../../../../arm-none-eabi/lib/thumb/v7e-m+fp/hard\libc_nano.a(lib_a-nano-svfprintf.o)
                0x0000000008008100                _svfiprintf_r
                0x0000000008008100                _svfprintf_r
 .text._printf_common
                0x0000000008008300       0xda d:/stm32cubeide_1.6.1/stm32cubeide/plugins/com.st.stm32cube.ide.mcu.externaltools.gnu-tools-for-stm32.10.3-2021.10.win32_1.0.0.202111181127/tools/bin/../lib/gcc/arm-none-eabi/10.3.1/../../../../arm-none-eabi/lib/thumb/v7e-m+fp/hard\libc_nano.a(lib_a-nano-vfprintf_i.o)
                0x0000000008008300                _printf_common
 *fill*         0x00000000080083da        0x2 
 .text._printf_i
                0x00000000080083dc      0x24c d:/stm32cubeide_1.6.1/stm32cubeide/plugins/com.st.stm32cube.ide.mcu.externaltools.gnu-tools-for-stm32.10.3-2021.10.win32_1.0.0.202111181127/tools/bin/../lib/gcc/arm-none-eabi/10.3.1/../../../../arm-none-eabi/lib/thumb/v7e-m+fp/hard\libc_nano.a(lib_a-nano-vfprintf_i.o)
                0x00000000080083dc                _printf_i
 .text.memcpy   0x0000000008008628       0x1c d:/stm32cubeide_1.6.1/stm32cubeide/plugins/com.st.stm32cube.ide.mcu.externaltools.gnu-tools-for-stm32.10.3-2021.10.win32_1.0.0.202111181127/tools/bin/../lib/gcc/arm-none-eabi/10.3.1/../../../../arm-none-eabi/lib/thumb/v7e-m+fp/hard\libc_nano.a(lib_a-memcpy-stub.o)
                0x0000000008008628                memcpy
 .text.memmove  0x0000000008008644       0x34 d:/stm32cubeide_1.6.1/stm32cubeide/plugins/com.st.stm32cube.ide.mcu.externaltools.gnu-tools-for-stm32.10.3-2021.10.win32_1.0.0.202111181127/tools/bin/../lib/gcc/arm-none-eabi/10.3.1/../../../../arm-none-eabi/lib/thumb/v7e-m+fp/hard\libc_nano.a(lib_a-memmove.o)
                0x0000000008008644                memmove
 .text._free_r  0x0000000008008678       0x98 d:/stm32cubeide_1.6.1/stm32cubeide/plugins/com.st.stm32cube.ide.mcu.externaltools.gnu-tools-for-stm32.10.3-2021.10.win32_1.0.0.202111181127/tools/bin/../lib/gcc/arm-none-eabi/10.3.1/../../../../arm-none-eabi/lib/thumb/v7e-m+fp/hard\libc_nano.a(lib_a-nano-freer.o)
                0x0000000008008678                _free_r
 .text.sbrk_aligned
                0x0000000008008710       0x40 d:/stm32cubeide_1.6.1/stm32cubeide/plugins/com.st.stm32cube.ide.mcu.externaltools.gnu-tools-for-stm32.10.3-2021.10.win32_1.0.0.202111181127/tools/bin/../lib/gcc/arm-none-eabi/10.3.1/../../../../arm-none-eabi/lib/thumb/v7e-m+fp/hard\libc_nano.a(lib_a-nano-mallocr.o)
 .text._malloc_r
                0x0000000008008750       0xe8 d:/stm32cubeide_1.6.1/stm32cubeide/plugins/com.st.stm32cube.ide.mcu.externaltools.gnu-tools-for-stm32.10.3-2021.10.win32_1.0.0.202111181127/tools/bin/../lib/gcc/arm-none-eabi/10.3.1/../../../../arm-none-eabi/lib/thumb/v7e-m+fp/hard\libc_nano.a(lib_a-nano-mallocr.o)
                0x0000000008008750                _malloc_r
 .text._realloc_r
                0x0000000008008838       0x5e d:/stm32cubeide_1.6.1/stm32cubeide/plugins/com.st.stm32cube.ide.mcu.externaltools.gnu-tools-for-stm32.10.3-2021.10.win32_1.0.0.202111181127/tools/bin/../lib/gcc/arm-none-eabi/10.3.1/../../../../arm-none-eabi/lib/thumb/v7e-m+fp/hard\libc_nano.a(lib_a-nano-reallocr.o)
                0x0000000008008838                _realloc_r
 *fill*         0x0000000008008896        0x2 
 .text._sbrk_r  0x0000000008008898       0x20 d:/stm32cubeide_1.6.1/stm32cubeide/plugins/com.st.stm32cube.ide.mcu.externaltools.gnu-tools-for-stm32.10.3-2021.10.win32_1.0.0.202111181127/tools/bin/../lib/gcc/arm-none-eabi/10.3.1/../../../../arm-none-eabi/lib/thumb/v7e-m+fp/hard\libc_nano.a(lib_a-sbrkr.o)
                0x0000000008008898                _sbrk_r
 .text.__malloc_lock
                0x00000000080088b8        0xc d:/stm32cubeide_1.6.1/stm32cubeide/plugins/com.st.stm32cube.ide.mcu.externaltools.gnu-tools-for-stm32.10.3-2021.10.win32_1.0.0.202111181127/tools/bin/../lib/gcc/arm-none-eabi/10.3.1/../../../../arm-none-eabi/lib/thumb/v7e-m+fp/hard\libc_nano.a(lib_a-mlock.o)
                0x00000000080088b8                __malloc_lock
 .text.__malloc_unlock
                0x00000000080088c4        0xc d:/stm32cubeide_1.6.1/stm32cubeide/plugins/com.st.stm32cube.ide.mcu.externaltools.gnu-tools-for-stm32.10.3-2021.10.win32_1.0.0.202111181127/tools/bin/../lib/gcc/arm-none-eabi/10.3.1/../../../../arm-none-eabi/lib/thumb/v7e-m+fp/hard\libc_nano.a(lib_a-mlock.o)
                0x00000000080088c4                __malloc_unlock
 .text._malloc_usable_size_r
                0x00000000080088d0       0x10 d:/stm32cubeide_1.6.1/stm32cubeide/plugins/com.st.stm32cube.ide.mcu.externaltools.gnu-tools-for-stm32.10.3-2021.10.win32_1.0.0.202111181127/tools/bin/../lib/gcc/arm-none-eabi/10.3.1/../../../../arm-none-eabi/lib/thumb/v7e-m+fp/hard\libc_nano.a(lib_a-nano-msizer.o)
                0x00000000080088d0                _malloc_usable_size_r
 .text.__retarget_lock_acquire_recursive
                0x00000000080088e0        0x2 d:/stm32cubeide_1.6.1/stm32cubeide/plugins/com.st.stm32cube.ide.mcu.externaltools.gnu-tools-for-stm32.10.3-2021.10.win32_1.0.0.202111181127/tools/bin/../lib/gcc/arm-none-eabi/10.3.1/../../../../arm-none-eabi/lib/thumb/v7e-m+fp/hard\libc_nano.a(lib_a-lock.o)
                0x00000000080088e0                __retarget_lock_acquire_recursive
 .text.__retarget_lock_release_recursive
                0x00000000080088e2        0x2 d:/stm32cubeide_1.6.1/stm32cubeide/plugins/com.st.stm32cube.ide.mcu.externaltools.gnu-tools-for-stm32.10.3-2021.10.win32_1.0.0.202111181127/tools/bin/../lib/gcc/arm-none-eabi/10.3.1/../../../../arm-none-eabi/lib/thumb/v7e-m+fp/hard\libc_nano.a(lib_a-lock.o)
                0x00000000080088e2                __retarget_lock_release_recursive
 *(.glue_7)
 .glue_7        0x00000000080088e4        0x0 linker stubs
 *(.glue_7t)
 .glue_7t       0x00000000080088e4        0x0 linker stubs
 *(.eh_frame)
 .eh_frame      0x00000000080088e4        0x0 d:/stm32cubeide_1.6.1/stm32cubeide/plugins/com.st.stm32cube.ide.mcu.externaltools.gnu-tools-for-stm32.10.3-2021.10.win32_1.0.0.202111181127/tools/bin/../lib/gcc/arm-none-eabi/10.3.1/thumb/v7e-m+fp/hard/crtbegin.o
 *(.init)
 .init          0x00000000080088e4        0x4 d:/stm32cubeide_1.6.1/stm32cubeide/plugins/com.st.stm32cube.ide.mcu.externaltools.gnu-tools-for-stm32.10.3-2021.10.win32_1.0.0.202111181127/tools/bin/../lib/gcc/arm-none-eabi/10.3.1/thumb/v7e-m+fp/hard/crti.o
                0x00000000080088e4                _init
 .init          0x00000000080088e8        0x8 d:/stm32cubeide_1.6.1/stm32cubeide/plugins/com.st.stm32cube.ide.mcu.externaltools.gnu-tools-for-stm32.10.3-2021.10.win32_1.0.0.202111181127/tools/bin/../lib/gcc/arm-none-eabi/10.3.1/thumb/v7e-m+fp/hard/crtn.o
 *(.fini)
 .fini          0x00000000080088f0        0x4 d:/stm32cubeide_1.6.1/stm32cubeide/plugins/com.st.stm32cube.ide.mcu.externaltools.gnu-tools-for-stm32.10.3-2021.10.win32_1.0.0.202111181127/tools/bin/../lib/gcc/arm-none-eabi/10.3.1/thumb/v7e-m+fp/hard/crti.o
                0x00000000080088f0                _fini
 .fini          0x00000000080088f4        0x8 d:/stm32cubeide_1.6.1/stm32cubeide/plugins/com.st.stm32cube.ide.mcu.externaltools.gnu-tools-for-stm32.10.3-2021.10.win32_1.0.0.202111181127/tools/bin/../lib/gcc/arm-none-eabi/10.3.1/thumb/v7e-m+fp/hard/crtn.o
                0x00000000080088fc                . = ALIGN (0x4)
                0x00000000080088fc                _etext = .

.vfp11_veneer   0x00000000080088fc        0x0
 .vfp11_veneer  0x00000000080088fc        0x0 linker stubs

.v4_bx          0x00000000080088fc        0x0
 .v4_bx         0x00000000080088fc        0x0 linker stubs

.iplt           0x00000000080088fc        0x0
 .iplt          0x00000000080088fc        0x0 d:/stm32cubeide_1.6.1/stm32cubeide/plugins/com.st.stm32cube.ide.mcu.externaltools.gnu-tools-for-stm32.10.3-2021.10.win32_1.0.0.202111181127/tools/bin/../lib/gcc/arm-none-eabi/10.3.1/thumb/v7e-m+fp/hard/crtbegin.o

.rodata         0x00000000080088fc      0x15c
                0x00000000080088fc                . = ALIGN (0x4)
 *(.rodata)
 .rodata        0x00000000080088fc       0x17 ./Core/Src/main.o
 *fill*         0x0000000008008913        0x1 
 .rodata        0x0000000008008914       0x44 ./Middlewares/Third_Party/FatFs/src/ff.o
 *(.rodata*)
 .rodata.AHBPrescTable
                0x0000000008008958       0x10 ./Core/Src/system_stm32f7xx.o
                0x0000000008008958                AHBPrescTable
 .rodata.flagBitshiftOffset.0
                0x0000000008008968        0x8 ./Drivers/STM32F7xx_HAL_Driver/Src/stm32f7xx_hal_dma.o
 .rodata.SD_Driver
                0x0000000008008970       0x14 ./FATFS/Target/sd_diskio.o
                0x0000000008008970                SD_Driver
 .rodata.ExCvt  0x0000000008008984       0x80 ./Middlewares/Third_Party/FatFs/src/ff.o
 .rodata.cst32.1
                0x0000000008008a04        0xe ./Middlewares/Third_Party/FatFs/src/ff.o
 *fill*         0x0000000008008a12        0x2 
 .rodata.cst.0  0x0000000008008a14        0xe ./Middlewares/Third_Party/FatFs/src/ff.o
 .rodata._svfprintf_r.str1.1
                0x0000000008008a22       0x11 d:/stm32cubeide_1.6.1/stm32cubeide/plugins/com.st.stm32cube.ide.mcu.externaltools.gnu-tools-for-stm32.10.3-2021.10.win32_1.0.0.202111181127/tools/bin/../lib/gcc/arm-none-eabi/10.3.1/../../../../arm-none-eabi/lib/thumb/v7e-m+fp/hard\libc_nano.a(lib_a-nano-svfprintf.o)
 .rodata._printf_i.str1.1
                0x0000000008008a33       0x22 d:/stm32cubeide_1.6.1/stm32cubeide/plugins/com.st.stm32cube.ide.mcu.externaltools.gnu-tools-for-stm32.10.3-2021.10.win32_1.0.0.202111181127/tools/bin/../lib/gcc/arm-none-eabi/10.3.1/../../../../arm-none-eabi/lib/thumb/v7e-m+fp/hard\libc_nano.a(lib_a-nano-vfprintf_i.o)
                0x0000000008008a58                . = ALIGN (0x4)
 *fill*         0x0000000008008a55        0x3 

.ARM.extab      0x0000000008008a58        0x0
                0x0000000008008a58                . = ALIGN (0x4)
 *(.ARM.extab* .gnu.linkonce.armextab.*)
                0x0000000008008a58                . = ALIGN (0x4)

.ARM            0x0000000008008a58        0x8
                0x0000000008008a58                . = ALIGN (0x4)
                0x0000000008008a58                __exidx_start = .
 *(.ARM.exidx*)
 .ARM.exidx     0x0000000008008a58        0x8 d:/stm32cubeide_1.6.1/stm32cubeide/plugins/com.st.stm32cube.ide.mcu.externaltools.gnu-tools-for-stm32.10.3-2021.10.win32_1.0.0.202111181127/tools/bin/../lib/gcc/arm-none-eabi/10.3.1/thumb/v7e-m+fp/hard\libgcc.a(_udivmoddi4.o)
                0x0000000008008a60                __exidx_end = .
                0x0000000008008a60                . = ALIGN (0x4)

.rel.dyn        0x0000000008008a60        0x0
 .rel.iplt      0x0000000008008a60        0x0 d:/stm32cubeide_1.6.1/stm32cubeide/plugins/com.st.stm32cube.ide.mcu.externaltools.gnu-tools-for-stm32.10.3-2021.10.win32_1.0.0.202111181127/tools/bin/../lib/gcc/arm-none-eabi/10.3.1/thumb/v7e-m+fp/hard/crtbegin.o

.preinit_array  0x0000000008008a60        0x0
                0x0000000008008a60                . = ALIGN (0x4)
                0x0000000008008a60                PROVIDE (__preinit_array_start = .)
 *(.preinit_array*)
                0x0000000008008a60                PROVIDE (__preinit_array_end = .)
                0x0000000008008a60                . = ALIGN (0x4)

.init_array     0x0000000008008a60        0x4
                0x0000000008008a60                . = ALIGN (0x4)
                0x0000000008008a60                PROVIDE (__init_array_start = .)
 *(SORT_BY_NAME(.init_array.*))
 *(.init_array*)
 .init_array    0x0000000008008a60        0x4 d:/stm32cubeide_1.6.1/stm32cubeide/plugins/com.st.stm32cube.ide.mcu.externaltools.gnu-tools-for-stm32.10.3-2021.10.win32_1.0.0.202111181127/tools/bin/../lib/gcc/arm-none-eabi/10.3.1/thumb/v7e-m+fp/hard/crtbegin.o
                0x0000000008008a64                PROVIDE (__init_array_end = .)
                0x0000000008008a64                . = ALIGN (0x4)

.fini_array     0x0000000008008a64        0x4
                0x0000000008008a64                . = ALIGN (0x4)
                [!provide]                        PROVIDE (__fini_array_start = .)
 *(SORT_BY_NAME(.fini_array.*))
 *(.fini_array*)
 .fini_array    0x0000000008008a64        0x4 d:/stm32cubeide_1.6.1/stm32cubeide/plugins/com.st.stm32cube.ide.mcu.externaltools.gnu-tools-for-stm32.10.3-2021.10.win32_1.0.0.202111181127/tools/bin/../lib/gcc/arm-none-eabi/10.3.1/thumb/v7e-m+fp/hard/crtbegin.o
                [!provide]                        PROVIDE (__fini_array_end = .)
                0x0000000008008a68                . = ALIGN (0x4)
                0x0000000008008a68                _sidata = LOADADDR (.data)

.data           0x0000000020000000       0x70 load address 0x0000000008008a68
                0x0000000020000000                . = ALIGN (0x4)
                0x0000000020000000                _sdata = .
 *(.data)
 *(.data*)
 .data.SystemCoreClock
                0x0000000020000000        0x4 ./Core/Src/system_stm32f7xx.o
                0x0000000020000000                SystemCoreClock
 .data.uwTickPrio
                0x0000000020000004        0x4 ./Drivers/STM32F7xx_HAL_Driver/Src/stm32f7xx_hal.o
                0x0000000020000004                uwTickPrio
 .data.uwTickFreq
                0x0000000020000008        0x1 ./Drivers/STM32F7xx_HAL_Driver/Src/stm32f7xx_hal.o
                0x0000000020000008                uwTickFreq
 .data.Stat     0x0000000020000009        0x1 ./FATFS/Target/sd_diskio.o
 *fill*         0x000000002000000a        0x2 
 .data._impure_ptr
                0x000000002000000c        0x4 d:/stm32cubeide_1.6.1/stm32cubeide/plugins/com.st.stm32cube.ide.mcu.externaltools.gnu-tools-for-stm32.10.3-2021.10.win32_1.0.0.202111181127/tools/bin/../lib/gcc/arm-none-eabi/10.3.1/../../../../arm-none-eabi/lib/thumb/v7e-m+fp/hard\libc_nano.a(lib_a-impure.o)
                0x000000002000000c                _impure_ptr
 .data.impure_data
                0x0000000020000010       0x60 d:/stm32cubeide_1.6.1/stm32cubeide/plugins/com.st.stm32cube.ide.mcu.externaltools.gnu-tools-for-stm32.10.3-2021.10.win32_1.0.0.202111181127/tools/bin/../lib/gcc/arm-none-eabi/10.3.1/../../../../arm-none-eabi/lib/thumb/v7e-m+fp/hard\libc_nano.a(lib_a-impure.o)
 *(.RamFunc)
 *(.RamFunc*)
                0x0000000020000070                . = ALIGN (0x4)
                0x0000000020000070                _edata = .

.igot.plt       0x0000000020000070        0x0 load address 0x0000000008008ad8
 .igot.plt      0x0000000020000070        0x0 d:/stm32cubeide_1.6.1/stm32cubeide/plugins/com.st.stm32cube.ide.mcu.externaltools.gnu-tools-for-stm32.10.3-2021.10.win32_1.0.0.202111181127/tools/bin/../lib/gcc/arm-none-eabi/10.3.1/thumb/v7e-m+fp/hard/crtbegin.o
                0x0000000020000070                . = ALIGN (0x4)

.bss            0x0000000020000070      0x61c load address 0x0000000008008ad8
                0x0000000020000070                _sbss = .
                0x0000000020000070                __bss_start__ = _sbss
 *(.bss)
 .bss           0x0000000020000070       0x1c d:/stm32cubeide_1.6.1/stm32cubeide/plugins/com.st.stm32cube.ide.mcu.externaltools.gnu-tools-for-stm32.10.3-2021.10.win32_1.0.0.202111181127/tools/bin/../lib/gcc/arm-none-eabi/10.3.1/thumb/v7e-m+fp/hard/crtbegin.o
 *(.bss*)
 .bss.hsd1      0x000000002000008c       0x84 ./Core/Src/sdmmc.o
                0x000000002000008c                hsd1
 .bss.hdma_sdmmc1_rx
                0x0000000020000110       0x60 ./Core/Src/sdmmc.o
                0x0000000020000110                hdma_sdmmc1_rx
 .bss.hdma_sdmmc1_tx
                0x0000000020000170       0x60 ./Core/Src/sdmmc.o
                0x0000000020000170                hdma_sdmmc1_tx
 .bss.__sbrk_heap_end
                0x00000000200001d0        0x4 ./Core/Src/sysmem.o
 .bss.uwTick    0x00000000200001d4        0x4 ./Drivers/STM32F7xx_HAL_Driver/Src/stm32f7xx_hal.o
                0x00000000200001d4                uwTick
 .bss.retSD     0x00000000200001d8        0x1 ./FATFS/App/fatfs.o
                0x00000000200001d8                retSD
 *fill*         0x00000000200001d9        0x3 
 .bss.SDPath    0x00000000200001dc        0x4 ./FATFS/App/fatfs.o
                0x00000000200001dc                SDPath
 .bss.SDFatFS   0x00000000200001e0      0x230 ./FATFS/App/fatfs.o
                0x00000000200001e0                SDFatFS
 .bss.SDFile    0x0000000020000410      0x230 ./FATFS/App/fatfs.o
                0x0000000020000410                SDFile
 .bss.WriteStatus
                0x0000000020000640        0x4 ./FATFS/Target/sd_diskio.o
 .bss.ReadStatus
                0x0000000020000644        0x4 ./FATFS/Target/sd_diskio.o
 .bss.FatFs     0x0000000020000648        0x4 ./Middlewares/Third_Party/FatFs/src/ff.o
 .bss.Fsid      0x000000002000064c        0x2 ./Middlewares/Third_Party/FatFs/src/ff.o
 *fill*         0x000000002000064e        0x2 
 .bss.Files     0x0000000020000650       0x20 ./Middlewares/Third_Party/FatFs/src/ff.o
 .bss.disk      0x0000000020000670        0xc ./Middlewares/Third_Party/FatFs/src/ff_gen_drv.o
                0x0000000020000670                disk
 .bss.__malloc_free_list
                0x000000002000067c        0x4 d:/stm32cubeide_1.6.1/stm32cubeide/plugins/com.st.stm32cube.ide.mcu.externaltools.gnu-tools-for-stm32.10.3-2021.10.win32_1.0.0.202111181127/tools/bin/../lib/gcc/arm-none-eabi/10.3.1/../../../../arm-none-eabi/lib/thumb/v7e-m+fp/hard\libc_nano.a(lib_a-nano-mallocr.o)
                0x000000002000067c                __malloc_free_list
 .bss.__malloc_sbrk_start
                0x0000000020000680        0x4 d:/stm32cubeide_1.6.1/stm32cubeide/plugins/com.st.stm32cube.ide.mcu.externaltools.gnu-tools-for-stm32.10.3-2021.10.win32_1.0.0.202111181127/tools/bin/../lib/gcc/arm-none-eabi/10.3.1/../../../../arm-none-eabi/lib/thumb/v7e-m+fp/hard\libc_nano.a(lib_a-nano-mallocr.o)
                0x0000000020000680                __malloc_sbrk_start
 .bss.errno     0x0000000020000684        0x4 d:/stm32cubeide_1.6.1/stm32cubeide/plugins/com.st.stm32cube.ide.mcu.externaltools.gnu-tools-for-stm32.10.3-2021.10.win32_1.0.0.202111181127/tools/bin/../lib/gcc/arm-none-eabi/10.3.1/../../../../arm-none-eabi/lib/thumb/v7e-m+fp/hard\libc_nano.a(lib_a-reent.o)
                0x0000000020000684                errno
 .bss.__lock___malloc_recursive_mutex
                0x0000000020000688        0x1 d:/stm32cubeide_1.6.1/stm32cubeide/plugins/com.st.stm32cube.ide.mcu.externaltools.gnu-tools-for-stm32.10.3-2021.10.win32_1.0.0.202111181127/tools/bin/../lib/gcc/arm-none-eabi/10.3.1/../../../../arm-none-eabi/lib/thumb/v7e-m+fp/hard\libc_nano.a(lib_a-lock.o)
                0x0000000020000688                __lock___malloc_recursive_mutex
 *(COMMON)
                0x000000002000068c                . = ALIGN (0x4)
 *fill*         0x0000000020000689        0x3 
                0x000000002000068c                _ebss = .
                0x000000002000068c                __bss_end__ = _ebss

._user_heap_stack
                0x000000002000068c      0x604 load address 0x0000000008008ad8
                0x0000000020000690                . = ALIGN (0x8)
 *fill*         0x000000002000068c        0x4 
                [!provide]                        PROVIDE (end = .)
                0x0000000020000690                PROVIDE (_end = .)
                0x0000000020000890                . = (. + _Min_Heap_Size)
 *fill*         0x0000000020000690      0x200 
                0x0000000020000c90                . = (. + _Min_Stack_Size)
 *fill*         0x0000000020000890      0x400 
                0x0000000020000c90                . = ALIGN (0x8)

/DISCARD/
 libc.a(*)
 libm.a(*)
 libgcc.a(*)

.ARM.attributes
                0x0000000000000000       0x30
 *(.ARM.attributes)
 .ARM.attributes
                0x0000000000000000       0x1e d:/stm32cubeide_1.6.1/stm32cubeide/plugins/com.st.stm32cube.ide.mcu.externaltools.gnu-tools-for-stm32.10.3-2021.10.win32_1.0.0.202111181127/tools/bin/../lib/gcc/arm-none-eabi/10.3.1/thumb/v7e-m+fp/hard/crti.o
 .ARM.attributes
                0x000000000000001e       0x34 d:/stm32cubeide_1.6.1/stm32cubeide/plugins/com.st.stm32cube.ide.mcu.externaltools.gnu-tools-for-stm32.10.3-2021.10.win32_1.0.0.202111181127/tools/bin/../lib/gcc/arm-none-eabi/10.3.1/thumb/v7e-m+fp/hard/crtbegin.o
 .ARM.attributes
                0x0000000000000052       0x34 ./Core/Src/Carte_Sd.o
 .ARM.attributes
                0x0000000000000086       0x34 ./Core/Src/dma.o
 .ARM.attributes
                0x00000000000000ba       0x34 ./Core/Src/gpio.o
 .ARM.attributes
                0x00000000000000ee       0x34 ./Core/Src/main.o
 .ARM.attributes
                0x0000000000000122       0x34 ./Core/Src/sdmmc.o
 .ARM.attributes
                0x0000000000000156       0x34 ./Core/Src/stm32f7xx_hal_msp.o
 .ARM.attributes
                0x000000000000018a       0x34 ./Core/Src/stm32f7xx_it.o
 .ARM.attributes
                0x00000000000001be       0x34 ./Core/Src/sysmem.o
 .ARM.attributes
                0x00000000000001f2       0x34 ./Core/Src/system_stm32f7xx.o
 .ARM.attributes
                0x0000000000000226       0x21 ./Core/Startup/startup_stm32f746nghx.o
 .ARM.attributes
                0x0000000000000247       0x34 ./Drivers/STM32F7xx_HAL_Driver/Src/stm32f7xx_hal.o
 .ARM.attributes
                0x000000000000027b       0x34 ./Drivers/STM32F7xx_HAL_Driver/Src/stm32f7xx_hal_cortex.o
 .ARM.attributes
                0x00000000000002af       0x34 ./Drivers/STM32F7xx_HAL_Driver/Src/stm32f7xx_hal_dma.o
 .ARM.attributes
                0x00000000000002e3       0x34 ./Drivers/STM32F7xx_HAL_Driver/Src/stm32f7xx_hal_gpio.o
 .ARM.attributes
                0x0000000000000317       0x34 ./Drivers/STM32F7xx_HAL_Driver/Src/stm32f7xx_hal_pwr_ex.o
 .ARM.attributes
                0x000000000000034b       0x34 ./Drivers/STM32F7xx_HAL_Driver/Src/stm32f7xx_hal_rcc.o
 .ARM.attributes
                0x000000000000037f       0x34 ./Drivers/STM32F7xx_HAL_Driver/Src/stm32f7xx_hal_rcc_ex.o
 .ARM.attributes
                0x00000000000003b3       0x34 ./Drivers/STM32F7xx_HAL_Driver/Src/stm32f7xx_hal_sd.o
 .ARM.attributes
                0x00000000000003e7       0x34 ./Drivers/STM32F7xx_HAL_Driver/Src/stm32f7xx_ll_sdmmc.o
 .ARM.attributes
                0x000000000000041b       0x34 ./FATFS/App/fatfs.o
 .ARM.attributes
                0x000000000000044f       0x34 ./FATFS/Target/bsp_driver_sd.o
 .ARM.attributes
                0x0000000000000483       0x34 ./FATFS/Target/fatfs_platform.o
 .ARM.attributes
                0x00000000000004b7       0x34 ./FATFS/Target/sd_diskio.o
 .ARM.attributes
                0x00000000000004eb       0x34 ./Middlewares/Third_Party/FatFs/src/diskio.o
 .ARM.attributes
                0x000000000000051f       0x34 ./Middlewares/Third_Party/FatFs/src/ff.o
 .ARM.attributes
                0x0000000000000553       0x34 ./Middlewares/Third_Party/FatFs/src/ff_gen_drv.o
 .ARM.attributes
                0x0000000000000587       0x34 d:/stm32cubeide_1.6.1/stm32cubeide/plugins/com.st.stm32cube.ide.mcu.externaltools.gnu-tools-for-stm32.10.3-2021.10.win32_1.0.0.202111181127/tools/bin/../lib/gcc/arm-none-eabi/10.3.1/../../../../arm-none-eabi/lib/thumb/v7e-m+fp/hard\libc_nano.a(lib_a-errno.o)
 .ARM.attributes
                0x00000000000005bb       0x34 d:/stm32cubeide_1.6.1/stm32cubeide/plugins/com.st.stm32cube.ide.mcu.externaltools.gnu-tools-for-stm32.10.3-2021.10.win32_1.0.0.202111181127/tools/bin/../lib/gcc/arm-none-eabi/10.3.1/../../../../arm-none-eabi/lib/thumb/v7e-m+fp/hard\libc_nano.a(lib_a-impure.o)
 .ARM.attributes
                0x00000000000005ef       0x34 d:/stm32cubeide_1.6.1/stm32cubeide/plugins/com.st.stm32cube.ide.mcu.externaltools.gnu-tools-for-stm32.10.3-2021.10.win32_1.0.0.202111181127/tools/bin/../lib/gcc/arm-none-eabi/10.3.1/../../../../arm-none-eabi/lib/thumb/v7e-m+fp/hard\libc_nano.a(lib_a-init.o)
 .ARM.attributes
                0x0000000000000623       0x34 d:/stm32cubeide_1.6.1/stm32cubeide/plugins/com.st.stm32cube.ide.mcu.externaltools.gnu-tools-for-stm32.10.3-2021.10.win32_1.0.0.202111181127/tools/bin/../lib/gcc/arm-none-eabi/10.3.1/../../../../arm-none-eabi/lib/thumb/v7e-m+fp/hard\libc_nano.a(lib_a-memset.o)
 .ARM.attributes
                0x0000000000000657       0x34 d:/stm32cubeide_1.6.1/stm32cubeide/plugins/com.st.stm32cube.ide.mcu.externaltools.gnu-tools-for-stm32.10.3-2021.10.win32_1.0.0.202111181127/tools/bin/../lib/gcc/arm-none-eabi/10.3.1/../../../../arm-none-eabi/lib/thumb/v7e-m+fp/hard\libc_nano.a(lib_a-sprintf.o)
 .ARM.attributes
                0x000000000000068b       0x17 d:/stm32cubeide_1.6.1/stm32cubeide/plugins/com.st.stm32cube.ide.mcu.externaltools.gnu-tools-for-stm32.10.3-2021.10.win32_1.0.0.202111181127/tools/bin/../lib/gcc/arm-none-eabi/10.3.1/../../../../arm-none-eabi/lib/thumb/v7e-m+fp/hard\libc_nano.a(lib_a-strlen.o)
 .ARM.attributes
                0x00000000000006a2       0x34 d:/stm32cubeide_1.6.1/stm32cubeide/plugins/com.st.stm32cube.ide.mcu.externaltools.gnu-tools-for-stm32.10.3-2021.10.win32_1.0.0.202111181127/tools/bin/../lib/gcc/arm-none-eabi/10.3.1/../../../../arm-none-eabi/lib/thumb/v7e-m+fp/hard\libc_nano.a(lib_a-nano-svfprintf.o)
 .ARM.attributes
                0x00000000000006d6       0x34 d:/stm32cubeide_1.6.1/stm32cubeide/plugins/com.st.stm32cube.ide.mcu.externaltools.gnu-tools-for-stm32.10.3-2021.10.win32_1.0.0.202111181127/tools/bin/../lib/gcc/arm-none-eabi/10.3.1/../../../../arm-none-eabi/lib/thumb/v7e-m+fp/hard\libc_nano.a(lib_a-nano-vfprintf_i.o)
 .ARM.attributes
                0x000000000000070a       0x1c d:/stm32cubeide_1.6.1/stm32cubeide/plugins/com.st.stm32cube.ide.mcu.externaltools.gnu-tools-for-stm32.10.3-2021.10.win32_1.0.0.202111181127/tools/bin/../lib/gcc/arm-none-eabi/10.3.1/../../../../arm-none-eabi/lib/thumb/v7e-m+fp/hard\libc_nano.a(lib_a-memchr.o)
 .ARM.attributes
                0x0000000000000726       0x34 d:/stm32cubeide_1.6.1/stm32cubeide/plugins/com.st.stm32cube.ide.mcu.externaltools.gnu-tools-for-stm32.10.3-2021.10.win32_1.0.0.202111181127/tools/bin/../lib/gcc/arm-none-eabi/10.3.1/../../../../arm-none-eabi/lib/thumb/v7e-m+fp/hard\libc_nano.a(lib_a-memcpy-stub.o)
 .ARM.attributes
                0x000000000000075a       0x34 d:/stm32cubeide_1.6.1/stm32cubeide/plugins/com.st.stm32cube.ide.mcu.externaltools.gnu-tools-for-stm32.10.3-2021.10.win32_1.0.0.202111181127/tools/bin/../lib/gcc/arm-none-eabi/10.3.1/../../../../arm-none-eabi/lib/thumb/v7e-m+fp/hard\libc_nano.a(lib_a-memmove.o)
 .ARM.attributes
                0x000000000000078e       0x34 d:/stm32cubeide_1.6.1/stm32cubeide/plugins/com.st.stm32cube.ide.mcu.externaltools.gnu-tools-for-stm32.10.3-2021.10.win32_1.0.0.202111181127/tools/bin/../lib/gcc/arm-none-eabi/10.3.1/../../../../arm-none-eabi/lib/thumb/v7e-m+fp/hard\libc_nano.a(lib_a-nano-freer.o)
 .ARM.attributes
                0x00000000000007c2       0x34 d:/stm32cubeide_1.6.1/stm32cubeide/plugins/com.st.stm32cube.ide.mcu.externaltools.gnu-tools-for-stm32.10.3-2021.10.win32_1.0.0.202111181127/tools/bin/../lib/gcc/arm-none-eabi/10.3.1/../../../../arm-none-eabi/lib/thumb/v7e-m+fp/hard\libc_nano.a(lib_a-nano-mallocr.o)
 .ARM.attributes
                0x00000000000007f6       0x34 d:/stm32cubeide_1.6.1/stm32cubeide/plugins/com.st.stm32cube.ide.mcu.externaltools.gnu-tools-for-stm32.10.3-2021.10.win32_1.0.0.202111181127/tools/bin/../lib/gcc/arm-none-eabi/10.3.1/../../../../arm-none-eabi/lib/thumb/v7e-m+fp/hard\libc_nano.a(lib_a-nano-reallocr.o)
 .ARM.attributes
                0x000000000000082a       0x34 d:/stm32cubeide_1.6.1/stm32cubeide/plugins/com.st.stm32cube.ide.mcu.externaltools.gnu-tools-for-stm32.10.3-2021.10.win32_1.0.0.202111181127/tools/bin/../lib/gcc/arm-none-eabi/10.3.1/../../../../arm-none-eabi/lib/thumb/v7e-m+fp/hard\libc_nano.a(lib_a-sbrkr.o)
 .ARM.attributes
                0x000000000000085e       0x34 d:/stm32cubeide_1.6.1/stm32cubeide/plugins/com.st.stm32cube.ide.mcu.externaltools.gnu-tools-for-stm32.10.3-2021.10.win32_1.0.0.202111181127/tools/bin/../lib/gcc/arm-none-eabi/10.3.1/../../../../arm-none-eabi/lib/thumb/v7e-m+fp/hard\libc_nano.a(lib_a-mlock.o)
 .ARM.attributes
                0x0000000000000892       0x34 d:/stm32cubeide_1.6.1/stm32cubeide/plugins/com.st.stm32cube.ide.mcu.externaltools.gnu-tools-for-stm32.10.3-2021.10.win32_1.0.0.202111181127/tools/bin/../lib/gcc/arm-none-eabi/10.3.1/../../../../arm-none-eabi/lib/thumb/v7e-m+fp/hard\libc_nano.a(lib_a-nano-msizer.o)
 .ARM.attributes
                0x00000000000008c6       0x34 d:/stm32cubeide_1.6.1/stm32cubeide/plugins/com.st.stm32cube.ide.mcu.externaltools.gnu-tools-for-stm32.10.3-2021.10.win32_1.0.0.202111181127/tools/bin/../lib/gcc/arm-none-eabi/10.3.1/../../../../arm-none-eabi/lib/thumb/v7e-m+fp/hard\libc_nano.a(lib_a-reent.o)
 .ARM.attributes
                0x00000000000008fa       0x34 d:/stm32cubeide_1.6.1/stm32cubeide/plugins/com.st.stm32cube.ide.mcu.externaltools.gnu-tools-for-stm32.10.3-2021.10.win32_1.0.0.202111181127/tools/bin/../lib/gcc/arm-none-eabi/10.3.1/../../../../arm-none-eabi/lib/thumb/v7e-m+fp/hard\libc_nano.a(lib_a-lock.o)
 .ARM.attributes
                0x000000000000092e       0x1e d:/stm32cubeide_1.6.1/stm32cubeide/plugins/com.st.stm32cube.ide.mcu.externaltools.gnu-tools-for-stm32.10.3-2021.10.win32_1.0.0.202111181127/tools/bin/../lib/gcc/arm-none-eabi/10.3.1/thumb/v7e-m+fp/hard\libgcc.a(_aeabi_uldivmod.o)
 .ARM.attributes
                0x000000000000094c       0x34 d:/stm32cubeide_1.6.1/stm32cubeide/plugins/com.st.stm32cube.ide.mcu.externaltools.gnu-tools-for-stm32.10.3-2021.10.win32_1.0.0.202111181127/tools/bin/../lib/gcc/arm-none-eabi/10.3.1/thumb/v7e-m+fp/hard\libgcc.a(_udivmoddi4.o)
 .ARM.attributes
                0x0000000000000980       0x1e d:/stm32cubeide_1.6.1/stm32cubeide/plugins/com.st.stm32cube.ide.mcu.externaltools.gnu-tools-for-stm32.10.3-2021.10.win32_1.0.0.202111181127/tools/bin/../lib/gcc/arm-none-eabi/10.3.1/thumb/v7e-m+fp/hard\libgcc.a(_dvmd_tls.o)
 .ARM.attributes
                0x000000000000099e       0x1e d:/stm32cubeide_1.6.1/stm32cubeide/plugins/com.st.stm32cube.ide.mcu.externaltools.gnu-tools-for-stm32.10.3-2021.10.win32_1.0.0.202111181127/tools/bin/../lib/gcc/arm-none-eabi/10.3.1/thumb/v7e-m+fp/hard/crtn.o
OUTPUT(STATION-PROJET.elf elf32-littlearm)
LOAD linker stubs
LOAD d:/stm32cubeide_1.6.1/stm32cubeide/plugins/com.st.stm32cube.ide.mcu.externaltools.gnu-tools-for-stm32.10.3-2021.10.win32_1.0.0.202111181127/tools/bin/../lib/gcc/arm-none-eabi/10.3.1/../../../../arm-none-eabi/lib/thumb/v7e-m+fp/hard\libc.a
LOAD d:/stm32cubeide_1.6.1/stm32cubeide/plugins/com.st.stm32cube.ide.mcu.externaltools.gnu-tools-for-stm32.10.3-2021.10.win32_1.0.0.202111181127/tools/bin/../lib/gcc/arm-none-eabi/10.3.1/../../../../arm-none-eabi/lib/thumb/v7e-m+fp/hard\libm.a
LOAD d:/stm32cubeide_1.6.1/stm32cubeide/plugins/com.st.stm32cube.ide.mcu.externaltools.gnu-tools-for-stm32.10.3-2021.10.win32_1.0.0.202111181127/tools/bin/../lib/gcc/arm-none-eabi/10.3.1/thumb/v7e-m+fp/hard\libgcc.a

.debug_info     0x0000000000000000     0xf24e
 .debug_info    0x0000000000000000      0x56f ./Core/Src/Carte_Sd.o
 .debug_info    0x000000000000056f      0x576 ./Core/Src/dma.o
 .debug_info    0x0000000000000ae5      0x525 ./Core/Src/gpio.o
 .debug_info    0x000000000000100a      0x69c ./Core/Src/main.o
 .debug_info    0x00000000000016a6     0x1059 ./Core/Src/sdmmc.o
 .debug_info    0x00000000000026ff      0x2d2 ./Core/Src/stm32f7xx_hal_msp.o
 .debug_info    0x00000000000029d1      0x7d5 ./Core/Src/stm32f7xx_it.o
 .debug_info    0x00000000000031a6      0x171 ./Core/Src/sysmem.o
 .debug_info    0x0000000000003317      0x72c ./Core/Src/system_stm32f7xx.o
 .debug_info    0x0000000000003a43       0x22 ./Core/Startup/startup_stm32f746nghx.o
 .debug_info    0x0000000000003a65      0xa0c ./Drivers/STM32F7xx_HAL_Driver/Src/stm32f7xx_hal.o
 .debug_info    0x0000000000004471     0x105a ./Drivers/STM32F7xx_HAL_Driver/Src/stm32f7xx_hal_cortex.o
 .debug_info    0x00000000000054cb      0x94f ./Drivers/STM32F7xx_HAL_Driver/Src/stm32f7xx_hal_dma.o
 .debug_info    0x0000000000005e1a      0x794 ./Drivers/STM32F7xx_HAL_Driver/Src/stm32f7xx_hal_gpio.o
 .debug_info    0x00000000000065ae      0x92e ./Drivers/STM32F7xx_HAL_Driver/Src/stm32f7xx_hal_pwr_ex.o
 .debug_info    0x0000000000006edc      0x99c ./Drivers/STM32F7xx_HAL_Driver/Src/stm32f7xx_hal_rcc.o
 .debug_info    0x0000000000007878      0x764 ./Drivers/STM32F7xx_HAL_Driver/Src/stm32f7xx_hal_rcc_ex.o
 .debug_info    0x0000000000007fdc     0x1d19 ./Drivers/STM32F7xx_HAL_Driver/Src/stm32f7xx_hal_sd.o
 .debug_info    0x0000000000009cf5     0x11dd ./Drivers/STM32F7xx_HAL_Driver/Src/stm32f7xx_ll_sdmmc.o
 .debug_info    0x000000000000aed2      0x4fa ./FATFS/App/fatfs.o
 .debug_info    0x000000000000b3cc      0xb4f ./FATFS/Target/bsp_driver_sd.o
 .debug_info    0x000000000000bf1b      0x1dd ./FATFS/Target/fatfs_platform.o
 .debug_info    0x000000000000c0f8      0x59e ./FATFS/Target/sd_diskio.o
 .debug_info    0x000000000000c696      0x412 ./Middlewares/Third_Party/FatFs/src/diskio.o
 .debug_info    0x000000000000caa8     0x23fd ./Middlewares/Third_Party/FatFs/src/ff.o
 .debug_info    0x000000000000eea5      0x3a9 ./Middlewares/Third_Party/FatFs/src/ff_gen_drv.o

.debug_abbrev   0x0000000000000000     0x2c7f
 .debug_abbrev  0x0000000000000000      0x1a2 ./Core/Src/Carte_Sd.o
 .debug_abbrev  0x00000000000001a2      0x10a ./Core/Src/dma.o
 .debug_abbrev  0x00000000000002ac      0x12a ./Core/Src/gpio.o
 .debug_abbrev  0x00000000000003d6      0x215 ./Core/Src/main.o
 .debug_abbrev  0x00000000000005eb      0x218 ./Core/Src/sdmmc.o
 .debug_abbrev  0x0000000000000803       0xd4 ./Core/Src/stm32f7xx_hal_msp.o
 .debug_abbrev  0x00000000000008d7      0x189 ./Core/Src/stm32f7xx_it.o
 .debug_abbrev  0x0000000000000a60       0xbb ./Core/Src/sysmem.o
 .debug_abbrev  0x0000000000000b1b      0x136 ./Core/Src/system_stm32f7xx.o
 .debug_abbrev  0x0000000000000c51       0x12 ./Core/Startup/startup_stm32f746nghx.o
 .debug_abbrev  0x0000000000000c63      0x20d ./Drivers/STM32F7xx_HAL_Driver/Src/stm32f7xx_hal.o
 .debug_abbrev  0x0000000000000e70      0x316 ./Drivers/STM32F7xx_HAL_Driver/Src/stm32f7xx_hal_cortex.o
 .debug_abbrev  0x0000000000001186      0x25b ./Drivers/STM32F7xx_HAL_Driver/Src/stm32f7xx_hal_dma.o
 .debug_abbrev  0x00000000000013e1      0x1c4 ./Drivers/STM32F7xx_HAL_Driver/Src/stm32f7xx_hal_gpio.o
 .debug_abbrev  0x00000000000015a5      0x1cb ./Drivers/STM32F7xx_HAL_Driver/Src/stm32f7xx_hal_pwr_ex.o
 .debug_abbrev  0x0000000000001770      0x27b ./Drivers/STM32F7xx_HAL_Driver/Src/stm32f7xx_hal_rcc.o
 .debug_abbrev  0x00000000000019eb      0x1b9 ./Drivers/STM32F7xx_HAL_Driver/Src/stm32f7xx_hal_rcc_ex.o
 .debug_abbrev  0x0000000000001ba4      0x288 ./Drivers/STM32F7xx_HAL_Driver/Src/stm32f7xx_hal_sd.o
 .debug_abbrev  0x0000000000001e2c      0x1ce ./Drivers/STM32F7xx_HAL_Driver/Src/stm32f7xx_ll_sdmmc.o
 .debug_abbrev  0x0000000000001ffa      0x15a ./FATFS/App/fatfs.o
 .debug_abbrev  0x0000000000002154      0x290 ./FATFS/Target/bsp_driver_sd.o
 .debug_abbrev  0x00000000000023e4      0x105 ./FATFS/Target/fatfs_platform.o
 .debug_abbrev  0x00000000000024e9      0x21f ./FATFS/Target/sd_diskio.o
 .debug_abbrev  0x0000000000002708      0x178 ./Middlewares/Third_Party/FatFs/src/diskio.o
 .debug_abbrev  0x0000000000002880      0x269 ./Middlewares/Third_Party/FatFs/src/ff.o
 .debug_abbrev  0x0000000000002ae9      0x196 ./Middlewares/Third_Party/FatFs/src/ff_gen_drv.o

.debug_aranges  0x0000000000000000      0xce8
 .debug_aranges
                0x0000000000000000       0x28 ./Core/Src/Carte_Sd.o
 .debug_aranges
                0x0000000000000028       0x20 ./Core/Src/dma.o
 .debug_aranges
                0x0000000000000048       0x20 ./Core/Src/gpio.o
 .debug_aranges
                0x0000000000000068       0x30 ./Core/Src/main.o
 .debug_aranges
                0x0000000000000098       0x30 ./Core/Src/sdmmc.o
 .debug_aranges
                0x00000000000000c8       0x20 ./Core/Src/stm32f7xx_hal_msp.o
 .debug_aranges
                0x00000000000000e8       0x78 ./Core/Src/stm32f7xx_it.o
 .debug_aranges
                0x0000000000000160       0x20 ./Core/Src/sysmem.o
 .debug_aranges
                0x0000000000000180       0x28 ./Core/Src/system_stm32f7xx.o
 .debug_aranges
                0x00000000000001a8       0x28 ./Core/Startup/startup_stm32f746nghx.o
 .debug_aranges
                0x00000000000001d0      0x100 ./Drivers/STM32F7xx_HAL_Driver/Src/stm32f7xx_hal.o
 .debug_aranges
                0x00000000000002d0      0x118 ./Drivers/STM32F7xx_HAL_Driver/Src/stm32f7xx_hal_cortex.o
 .debug_aranges
                0x00000000000003e8       0x90 ./Drivers/STM32F7xx_HAL_Driver/Src/stm32f7xx_hal_dma.o
 .debug_aranges
                0x0000000000000478       0x58 ./Drivers/STM32F7xx_HAL_Driver/Src/stm32f7xx_hal_gpio.o
 .debug_aranges
                0x00000000000004d0       0x80 ./Drivers/STM32F7xx_HAL_Driver/Src/stm32f7xx_hal_pwr_ex.o
 .debug_aranges
                0x0000000000000550       0x88 ./Drivers/STM32F7xx_HAL_Driver/Src/stm32f7xx_hal_rcc.o
 .debug_aranges
                0x00000000000005d8       0x50 ./Drivers/STM32F7xx_HAL_Driver/Src/stm32f7xx_hal_rcc_ex.o
 .debug_aranges
                0x0000000000000628      0x168 ./Drivers/STM32F7xx_HAL_Driver/Src/stm32f7xx_hal_sd.o
 .debug_aranges
                0x0000000000000790      0x188 ./Drivers/STM32F7xx_HAL_Driver/Src/stm32f7xx_ll_sdmmc.o
 .debug_aranges
                0x0000000000000918       0x28 ./FATFS/App/fatfs.o
 .debug_aranges
                0x0000000000000940       0x98 ./FATFS/Target/bsp_driver_sd.o
 .debug_aranges
                0x00000000000009d8       0x20 ./FATFS/Target/fatfs_platform.o
 .debug_aranges
                0x00000000000009f8       0x60 ./FATFS/Target/sd_diskio.o
 .debug_aranges
                0x0000000000000a58       0x48 ./Middlewares/Third_Party/FatFs/src/diskio.o
 .debug_aranges
                0x0000000000000aa0      0x208 ./Middlewares/Third_Party/FatFs/src/ff.o
 .debug_aranges
                0x0000000000000ca8       0x40 ./Middlewares/Third_Party/FatFs/src/ff_gen_drv.o

.debug_ranges   0x0000000000000000      0xb50
 .debug_ranges  0x0000000000000000       0x18 ./Core/Src/Carte_Sd.o
 .debug_ranges  0x0000000000000018       0x10 ./Core/Src/dma.o
 .debug_ranges  0x0000000000000028       0x10 ./Core/Src/gpio.o
 .debug_ranges  0x0000000000000038       0x20 ./Core/Src/main.o
 .debug_ranges  0x0000000000000058       0x20 ./Core/Src/sdmmc.o
 .debug_ranges  0x0000000000000078       0x10 ./Core/Src/stm32f7xx_hal_msp.o
 .debug_ranges  0x0000000000000088       0x68 ./Core/Src/stm32f7xx_it.o
 .debug_ranges  0x00000000000000f0       0x10 ./Core/Src/sysmem.o
 .debug_ranges  0x0000000000000100       0x18 ./Core/Src/system_stm32f7xx.o
 .debug_ranges  0x0000000000000118       0x20 ./Core/Startup/startup_stm32f746nghx.o
 .debug_ranges  0x0000000000000138       0xf0 ./Drivers/STM32F7xx_HAL_Driver/Src/stm32f7xx_hal.o
 .debug_ranges  0x0000000000000228      0x108 ./Drivers/STM32F7xx_HAL_Driver/Src/stm32f7xx_hal_cortex.o
 .debug_ranges  0x0000000000000330       0x80 ./Drivers/STM32F7xx_HAL_Driver/Src/stm32f7xx_hal_dma.o
 .debug_ranges  0x00000000000003b0       0x48 ./Drivers/STM32F7xx_HAL_Driver/Src/stm32f7xx_hal_gpio.o
 .debug_ranges  0x00000000000003f8       0x70 ./Drivers/STM32F7xx_HAL_Driver/Src/stm32f7xx_hal_pwr_ex.o
 .debug_ranges  0x0000000000000468       0x78 ./Drivers/STM32F7xx_HAL_Driver/Src/stm32f7xx_hal_rcc.o
 .debug_ranges  0x00000000000004e0       0x40 ./Drivers/STM32F7xx_HAL_Driver/Src/stm32f7xx_hal_rcc_ex.o
 .debug_ranges  0x0000000000000520      0x158 ./Drivers/STM32F7xx_HAL_Driver/Src/stm32f7xx_hal_sd.o
 .debug_ranges  0x0000000000000678      0x178 ./Drivers/STM32F7xx_HAL_Driver/Src/stm32f7xx_ll_sdmmc.o
 .debug_ranges  0x00000000000007f0       0x18 ./FATFS/App/fatfs.o
 .debug_ranges  0x0000000000000808       0x88 ./FATFS/Target/bsp_driver_sd.o
 .debug_ranges  0x0000000000000890       0x10 ./FATFS/Target/fatfs_platform.o
 .debug_ranges  0x00000000000008a0       0x50 ./FATFS/Target/sd_diskio.o
 .debug_ranges  0x00000000000008f0       0x38 ./Middlewares/Third_Party/FatFs/src/diskio.o
 .debug_ranges  0x0000000000000928      0x1f8 ./Middlewares/Third_Party/FatFs/src/ff.o
 .debug_ranges  0x0000000000000b20       0x30 ./Middlewares/Third_Party/FatFs/src/ff_gen_drv.o

.debug_macro    0x0000000000000000    0x27cdf
 .debug_macro   0x0000000000000000      0x354 ./Core/Src/Carte_Sd.o
 .debug_macro   0x0000000000000354      0xa78 ./Core/Src/Carte_Sd.o
 .debug_macro   0x0000000000000dcc      0x28d ./Core/Src/Carte_Sd.o
 .debug_macro   0x0000000000001059       0x2e ./Core/Src/Carte_Sd.o
 .debug_macro   0x0000000000001087       0x3b ./Core/Src/Carte_Sd.o
 .debug_macro   0x00000000000010c2       0x22 ./Core/Src/Carte_Sd.o
 .debug_macro   0x00000000000010e4       0x8e ./Core/Src/Carte_Sd.o
 .debug_macro   0x0000000000001172       0x51 ./Core/Src/Carte_Sd.o
 .debug_macro   0x00000000000011c3      0x103 ./Core/Src/Carte_Sd.o
 .debug_macro   0x00000000000012c6       0x6a ./Core/Src/Carte_Sd.o
 .debug_macro   0x0000000000001330      0x1df ./Core/Src/Carte_Sd.o
 .debug_macro   0x000000000000150f       0x1c ./Core/Src/Carte_Sd.o
 .debug_macro   0x000000000000152b       0x22 ./Core/Src/Carte_Sd.o
 .debug_macro   0x000000000000154d       0xd9 ./Core/Src/Carte_Sd.o
 .debug_macro   0x0000000000001626     0x12cd ./Core/Src/Carte_Sd.o
 .debug_macro   0x00000000000028f3      0x11f ./Core/Src/Carte_Sd.o
 .debug_macro   0x0000000000002a12       0x19 ./Core/Src/Carte_Sd.o
 .debug_macro   0x0000000000002a2b    0x191da ./Core/Src/Carte_Sd.o
 .debug_macro   0x000000000001bc05       0x6d ./Core/Src/Carte_Sd.o
 .debug_macro   0x000000000001bc72     0x3714 ./Core/Src/Carte_Sd.o
 .debug_macro   0x000000000001f386      0x174 ./Core/Src/Carte_Sd.o
 .debug_macro   0x000000000001f4fa       0x63 ./Core/Src/Carte_Sd.o
 .debug_macro   0x000000000001f55d     0x18ad ./Core/Src/Carte_Sd.o
 .debug_macro   0x0000000000020e0a      0x6c4 ./Core/Src/Carte_Sd.o
 .debug_macro   0x00000000000214ce      0x185 ./Core/Src/Carte_Sd.o
 .debug_macro   0x0000000000021653      0x115 ./Core/Src/Carte_Sd.o
 .debug_macro   0x0000000000021768      0x1fd ./Core/Src/Carte_Sd.o
 .debug_macro   0x0000000000021965       0xa5 ./Core/Src/Carte_Sd.o
 .debug_macro   0x0000000000021a0a      0x24f ./Core/Src/Carte_Sd.o
 .debug_macro   0x0000000000021c59       0x41 ./Core/Src/Carte_Sd.o
 .debug_macro   0x0000000000021c9a       0x58 ./Core/Src/Carte_Sd.o
 .debug_macro   0x0000000000021cf2      0x236 ./Core/Src/Carte_Sd.o
 .debug_macro   0x0000000000021f28      0x14e ./Core/Src/Carte_Sd.o
 .debug_macro   0x0000000000022076      0x25a ./Core/Src/Carte_Sd.o
 .debug_macro   0x00000000000222d0       0x12 ./Core/Src/Carte_Sd.o
 .debug_macro   0x00000000000222e2      0x22c ./Core/Src/Carte_Sd.o
 .debug_macro   0x000000000002250e       0x61 ./Core/Src/Carte_Sd.o
 .debug_macro   0x000000000002256f       0xa5 ./Core/Src/Carte_Sd.o
 .debug_macro   0x0000000000022614      0x12e ./Core/Src/Carte_Sd.o
 .debug_macro   0x0000000000022742      0x108 ./Core/Src/Carte_Sd.o
 .debug_macro   0x000000000002284a       0x35 ./Core/Src/Carte_Sd.o
 .debug_macro   0x000000000002287f      0x773 ./Core/Src/Carte_Sd.o
 .debug_macro   0x0000000000022ff2      0x1d5 ./Core/Src/Carte_Sd.o
 .debug_macro   0x00000000000231c7      0x14d ./Core/Src/Carte_Sd.o
 .debug_macro   0x0000000000023314       0x1c ./Core/Src/Carte_Sd.o
 .debug_macro   0x0000000000023330       0x3a ./Core/Src/Carte_Sd.o
 .debug_macro   0x000000000002336a       0xe5 ./Core/Src/Carte_Sd.o
 .debug_macro   0x000000000002344f       0x1e ./Core/Src/Carte_Sd.o
 .debug_macro   0x000000000002346d       0x52 ./Core/Src/Carte_Sd.o
 .debug_macro   0x00000000000234bf       0x3c ./Core/Src/Carte_Sd.o
 .debug_macro   0x00000000000234fb       0x34 ./Core/Src/Carte_Sd.o
 .debug_macro   0x000000000002352f       0x16 ./Core/Src/Carte_Sd.o
 .debug_macro   0x0000000000023545       0x35 ./Core/Src/Carte_Sd.o
 .debug_macro   0x000000000002357a       0x16 ./Core/Src/Carte_Sd.o
 .debug_macro   0x0000000000023590       0x43 ./Core/Src/Carte_Sd.o
 .debug_macro   0x00000000000235d3       0x34 ./Core/Src/Carte_Sd.o
 .debug_macro   0x0000000000023607       0x10 ./Core/Src/Carte_Sd.o
 .debug_macro   0x0000000000023617       0x58 ./Core/Src/Carte_Sd.o
 .debug_macro   0x000000000002366f       0x71 ./Core/Src/Carte_Sd.o
 .debug_macro   0x00000000000236e0       0x1c ./Core/Src/Carte_Sd.o
 .debug_macro   0x00000000000236fc      0x12a ./Core/Src/Carte_Sd.o
 .debug_macro   0x0000000000023826      0x341 ./Core/Src/Carte_Sd.o
 .debug_macro   0x0000000000023b67       0x16 ./Core/Src/Carte_Sd.o
 .debug_macro   0x0000000000023b7d       0x29 ./Core/Src/Carte_Sd.o
 .debug_macro   0x0000000000023ba6       0x12 ./Core/Src/Carte_Sd.o
 .debug_macro   0x0000000000023bb8       0xe2 ./Core/Src/Carte_Sd.o
 .debug_macro   0x0000000000023c9a       0x8e ./Core/Src/Carte_Sd.o
 .debug_macro   0x0000000000023d28       0x16 ./Core/Src/Carte_Sd.o
 .debug_macro   0x0000000000023d3e       0x20 ./Core/Src/Carte_Sd.o
 .debug_macro   0x0000000000023d5e      0x1e7 ./Core/Src/dma.o
 .debug_macro   0x0000000000023f45      0x1e7 ./Core/Src/gpio.o
 .debug_macro   0x000000000002412c      0x437 ./Core/Src/main.o
 .debug_macro   0x0000000000024563       0x1c ./Core/Src/main.o
 .debug_macro   0x000000000002457f       0x10 ./Core/Src/main.o
 .debug_macro   0x000000000002458f       0x10 ./Core/Src/main.o
 .debug_macro   0x000000000002459f       0x1c ./Core/Src/main.o
 .debug_macro   0x00000000000245bb       0x52 ./Core/Src/main.o
 .debug_macro   0x000000000002460d       0x22 ./Core/Src/main.o
 .debug_macro   0x000000000002462f       0x10 ./Core/Src/main.o
 .debug_macro   0x000000000002463f       0x52 ./Core/Src/main.o
 .debug_macro   0x0000000000024691       0xd5 ./Core/Src/main.o
 .debug_macro   0x0000000000024766       0x1c ./Core/Src/main.o
 .debug_macro   0x0000000000024782       0x3d ./Core/Src/main.o
 .debug_macro   0x00000000000247bf       0x16 ./Core/Src/main.o
 .debug_macro   0x00000000000247d5      0x145 ./Core/Src/main.o
 .debug_macro   0x000000000002491a      0x1e7 ./Core/Src/sdmmc.o
 .debug_macro   0x0000000000024b01      0x1dd ./Core/Src/stm32f7xx_hal_msp.o
 .debug_macro   0x0000000000024cde      0x1e7 ./Core/Src/stm32f7xx_it.o
 .debug_macro   0x0000000000024ec5       0xff ./Core/Src/sysmem.o
 .debug_macro   0x0000000000024fc4      0x23b ./Core/Src/sysmem.o
 .debug_macro   0x00000000000251ff      0x1d3 ./Core/Src/system_stm32f7xx.o
 .debug_macro   0x00000000000253d2      0x1f7 ./Drivers/STM32F7xx_HAL_Driver/Src/stm32f7xx_hal.o
 .debug_macro   0x00000000000255c9      0x1d3 ./Drivers/STM32F7xx_HAL_Driver/Src/stm32f7xx_hal_cortex.o
 .debug_macro   0x000000000002579c      0x1d9 ./Drivers/STM32F7xx_HAL_Driver/Src/stm32f7xx_hal_dma.o
 .debug_macro   0x0000000000025975      0x1d9 ./Drivers/STM32F7xx_HAL_Driver/Src/stm32f7xx_hal_gpio.o
 .debug_macro   0x0000000000025b4e      0x1eb ./Drivers/STM32F7xx_HAL_Driver/Src/stm32f7xx_hal_pwr_ex.o
 .debug_macro   0x0000000000025d39      0x1f7 ./Drivers/STM32F7xx_HAL_Driver/Src/stm32f7xx_hal_rcc.o
 .debug_macro   0x0000000000025f30      0x1d3 ./Drivers/STM32F7xx_HAL_Driver/Src/stm32f7xx_hal_rcc_ex.o
 .debug_macro   0x0000000000026103      0x1d4 ./Drivers/STM32F7xx_HAL_Driver/Src/stm32f7xx_hal_sd.o
 .debug_macro   0x00000000000262d7      0x1d4 ./Drivers/STM32F7xx_HAL_Driver/Src/stm32f7xx_ll_sdmmc.o
 .debug_macro   0x00000000000264ab      0x31a ./FATFS/App/fatfs.o
 .debug_macro   0x00000000000267c5      0x1eb ./FATFS/Target/bsp_driver_sd.o
 .debug_macro   0x00000000000269b0      0x1dc ./FATFS/Target/fatfs_platform.o
 .debug_macro   0x0000000000026b8c      0x34d ./FATFS/Target/sd_diskio.o
 .debug_macro   0x0000000000026ed9       0x16 ./FATFS/Target/sd_diskio.o
 .debug_macro   0x0000000000026eef       0x7c ./FATFS/Target/sd_diskio.o
 .debug_macro   0x0000000000026f6b      0x307 ./Middlewares/Third_Party/FatFs/src/diskio.o
 .debug_macro   0x0000000000027272      0x70e ./Middlewares/Third_Party/FatFs/src/ff.o
 .debug_macro   0x0000000000027980       0x58 ./Middlewares/Third_Party/FatFs/src/ff.o
 .debug_macro   0x00000000000279d8      0x307 ./Middlewares/Third_Party/FatFs/src/ff_gen_drv.o

.debug_line     0x0000000000000000    0x12e05
 .debug_line    0x0000000000000000      0x927 ./Core/Src/Carte_Sd.o
 .debug_line    0x0000000000000927      0x69e ./Core/Src/dma.o
 .debug_line    0x0000000000000fc5      0x721 ./Core/Src/gpio.o
 .debug_line    0x00000000000016e6      0xa5c ./Core/Src/main.o
 .debug_line    0x0000000000002142      0x78e ./Core/Src/sdmmc.o
 .debug_line    0x00000000000028d0      0x6a0 ./Core/Src/stm32f7xx_hal_msp.o
 .debug_line    0x0000000000002f70      0x7ab ./Core/Src/stm32f7xx_it.o
 .debug_line    0x000000000000371b      0x4d6 ./Core/Src/sysmem.o
 .debug_line    0x0000000000003bf1      0x720 ./Core/Src/system_stm32f7xx.o